[srv-kthread-create #0 id=-1 nsid=4194305 pid=-1]
[srv-kthread-create #1 id=-1 nsid=4194306 pid=-1]
[fd-courier-conn] sock=8 ino=4153549
[courier-send] n=1 scm=1 fdcnt=1 payload=24 direction=guest->server
[plane-doorbell] adopted=1048574 fd=9 stored_dup=10 token=8892553457083352738
[plane-doorbell] drain attempts=2 adopted=1
[srv-process-register #0 pid=2005787 callnum=1 nsid=1]
[srv-checkin pid=0 tid=2005787 present_before=2005787]
[srv-checkin #0 pid=2005787 tid=2005787 fork=0 page=1 ready=1]
[release-drops-pending] site=mldr.c:1347
[release-drops-pending] site=mldr.c:1347
[release-drops-pending] site=mldr.c:1347
[mldr-seed] attach pid=2005787 memfd=3 size=2816
[courier-send] n=2 scm=1 fdcnt=1 payload=24 direction=guest->server
[plane-wake] n=1 via=doorbell scm=0 fdcnt=0 payload=0 db=1048574
[srv-attach-dispatch] pid=2005787 seq=1 fd=21 token=15577588726986830552
[srv-lane-attach #0 pid=2005787 tid=2005787 slots=8 slot_size=128]
[plane-doorbell] adopted=1048574 fd=9 stored_dup=11 token=4724868179908201641
[mldr-seed] attach-rc pid=2005787 rc=0 reject=0 wake=11
[mldr-seed] doorbell-in pid=2005787 wake=11 mode=close
[mldr-seed] doorbell-out pid=2005787 fd=1048574
[mldr-seed] seeded pid=2005787 map=0x7a9e991ca000
[dring-adopt] pid=2005787 tid=2005787 registry=0x5ABB9B9024A0 slots=1024 found=1 gate=1 doorbell=1048574 regelfc=0x5ABB9B9024A0 slotelfc=1024
[dring-adopt] liveness pid=2005787 tid=2005787 map=0x7A9E991CA000 server_state=0 gen=1 creator_image=0x102 mode=2
[dring-adopt] pre-claim pid=2005787 pages=0x0 (a claim may mmap: an EMULATED syscall)
[dring-adopt] post-claim pid=2005787 ok
[sigexc-setup pid=2005787 tid=2005787 seq=1 libpage=0x7A9E98B80000]
[open-nocancel-entry sp=d1880]
[open-nocancel-postwd sp=d1880]
[openat-entry sp=d1880]
[open-nocancel-entry sp=d1880]
[open-nocancel-postwd sp=d1880]
[openat-entry sp=d1880]
[open-nocancel-entry sp=d1880]
[open-nocancel-postwd sp=d1880]
[openat-entry sp=d1880]
[pc-entry sp=d1880]
[pc-nothreads sp=d1880]
[pc-entry sp=d1880]
[pc-nothreads sp=d1880]
[pc-entry sp=d1880]
[pc-nothreads sp=d1880]
[pc-entry sp=d1880]
[pc-nothreads sp=d1880]
[pc-entry sp=d1880]
[pc-nothreads sp=d1880]
[pc-entry sp=d1880]
[pc-nothreads sp=d1880]
[open-nocancel-entry sp=d1880]
[open-nocancel-postwd sp=d1880]
[openat-entry sp=d1880]
[pc-entry sp=d1880]
[pc-nothreads sp=d1880]
[pc-entry sp=d1880]
[pc-nothreads sp=d1880]
[pc-entry sp=d1880]
[pc-nothreads sp=d1880]
[pc-entry sp=d1880]
[pc-nothreads sp=d1880]
[pc-entry sp=d1880]
[pc-nothreads sp=d1880]
[pc-entry sp=d1880]
[pc-nothreads sp=d1880]
[open-nocancel-entry sp=d1880]
[open-nocancel-postwd sp=d1880]
[openat-entry sp=d1880]
[pc-entry sp=d1880]
[pc-nothreads sp=d1880]
[pc-entry sp=d1880]
[pc-nothreads sp=d1880]
[pc-entry sp=d1880]
[pc-nothreads sp=d1880]
[pc-entry sp=d1880]
[pc-nothreads sp=d1880]
[pc-entry sp=d1880]
[pc-nothreads sp=d1880]
[pc-entry sp=d1880]
[pc-nothreads sp=d1880]
[open-nocancel-entry sp=d1880]
[open-nocancel-postwd sp=d1880]
[openat-entry sp=d1880]
[pc-entry sp=d1880]
[pc-nothreads sp=d1880]
[pc-entry sp=d1880]
[pc-nothreads sp=d1880]
[pc-entry sp=d1880]
[pc-nothreads sp=d1880]
[pc-entry sp=d1880]
[pc-nothreads sp=d1880]
[pc-entry sp=d1880]
[pc-nothreads sp=d1880]
[pc-entry sp=d1880]
[pc-nothreads sp=d1880]
[pc-entry sp=d1880]
[pc-nothreads sp=d1880]
[open-nocancel-entry sp=d1880]
[open-nocancel-postwd sp=d1880]
[openat-entry sp=d1880]
[pc-entry sp=d1880]
[pc-nothreads sp=d1880]
[pc-entry sp=d1880]
[pc-nothreads sp=d1880]
[pc-entry sp=d1880]
[pc-nothreads sp=d1880]
[pc-entry sp=d1880]
[pc-nothreads sp=d1880]
[pc-entry sp=d1880]
[pc-nothreads sp=d1880]
[pc-entry sp=d1880]
[pc-nothreads sp=d1880]
[pc-entry sp=d1880]
[pc-nothreads sp=d1880]
[open-nocancel-entry sp=d1880]
[open-nocancel-postwd sp=d1880]
[openat-entry sp=d1880]
[pc-entry sp=d1880]
[pc-nothreads sp=d1880]
[pc-entry sp=d1880]
[pc-nothreads sp=d1880]
[pc-entry sp=d1880]
[pc-nothreads sp=d1880]
[pc-entry sp=d1880]
[pc-nothreads sp=d1880]
[pc-entry sp=d1880]
[pc-nothreads sp=d1880]
[pc-entry sp=d1880]
[pc-nothreads sp=d1880]
[pc-entry sp=d1880]
[pc-nothreads sp=d1880]
[open-nocancel-entry sp=d1880]
[open-nocancel-postwd sp=d1880]
[openat-entry sp=d1880]
[pc-entry sp=d1880]
[pc-nothreads sp=d1880]
[pc-entry sp=d1880]
[pc-nothreads sp=d1880]
[pc-entry sp=d1880]
[pc-nothreads sp=d1880]
[pc-entry sp=d1880]
[pc-nothreads sp=d1880]
[pc-entry sp=d1880]
[pc-nothreads sp=d1880]
[pc-entry sp=d1880]
[pc-nothreads sp=d1880]
[pc-entry sp=d1880]
[pc-nothreads sp=d1880]
[open-nocancel-entry sp=d1880]
[open-nocancel-postwd sp=d1880]
[openat-entry sp=d1880]
[pc-entry sp=d1880]
[pc-nothreads sp=d1880]
[pc-entry sp=d1880]
[pc-nothreads sp=d1880]
[pc-entry sp=d1880]
[pc-nothreads sp=d1880]
[pc-entry sp=d1880]
[pc-nothreads sp=d1880]
[pc-entry sp=d1880]
[pc-nothreads sp=d1880]
[pc-entry sp=d1880]
[pc-nothreads sp=d1880]
[open-nocancel-entry sp=d1880]
[open-nocancel-postwd sp=d1880]
[openat-entry sp=d1880]
[pc-entry sp=d1880]
[pc-nothreads sp=d1880]
[pc-entry sp=d1880]
[pc-nothreads sp=d1880]
[pc-entry sp=d1880]
[pc-nothreads sp=d1880]
[pc-entry sp=d1880]
[pc-nothreads sp=d1880]
[pc-entry sp=d1880]
[pc-nothreads sp=d1880]
[pc-entry sp=d1880]
[pc-nothreads sp=d1880]
[pc-entry sp=d1880]
[pc-nothreads sp=d1880]
[open-nocancel-entry sp=d1880]
[open-nocancel-postwd sp=d1880]
[openat-entry sp=d1880]
[pc-entry sp=d1880]
[pc-nothreads sp=d1880]
[pc-entry sp=d1880]
[pc-nothreads sp=d1880]
[pc-entry sp=d1880]
[pc-nothreads sp=d1880]
[pc-entry sp=d1880]
[pc-nothreads sp=d1880]
[pc-entry sp=d1880]
[pc-nothreads sp=d1880]
[pc-entry sp=d1880]
[pc-nothreads sp=d1880]
[open-nocancel-entry sp=d1880]
[open-nocancel-postwd sp=d1880]
[openat-entry sp=d1880]
[pc-entry sp=d1880]
[pc-nothreads sp=d1880]
[pc-entry sp=d1880]
[pc-nothreads sp=d1880]
[pc-entry sp=d1880]
[pc-nothreads sp=d1880]
[pc-entry sp=d1880]
[pc-nothreads sp=d1880]
[pc-entry sp=d1880]
[pc-nothreads sp=d1880]
[pc-entry sp=d1880]
[pc-nothreads sp=d1880]
[open-nocancel-entry sp=d1880]
[open-nocancel-postwd sp=d1880]
[openat-entry sp=d1880]
[pc-entry sp=d1880]
[pc-nothreads sp=d1880]
[pc-entry sp=d1880]
[pc-nothreads sp=d1880]
[pc-entry sp=d1880]
[pc-nothreads sp=d1880]
[pc-entry sp=d1880]
[pc-nothreads sp=d1880]
[pc-entry sp=d1880]
[pc-nothreads sp=d1880]
[pc-entry sp=d1880]
[pc-nothreads sp=d1880]
[open-nocancel-entry sp=d1880]
[open-nocancel-postwd sp=d1880]
[openat-entry sp=d1880]
[pc-entry sp=d1880]
[pc-nothreads sp=d1880]
[pc-entry sp=d1880]
[pc-nothreads sp=d1880]
[pc-entry sp=d1880]
[pc-nothreads sp=d1880]
[pc-entry sp=d1880]
[pc-nothreads sp=d1880]
[pc-entry sp=d1880]
[pc-nothreads sp=d1880]
[pc-entry sp=d1880]
[pc-nothreads sp=d1880]
[open-nocancel-entry sp=d1880]
[open-nocancel-postwd sp=d1880]
[openat-entry sp=d1880]
[pc-entry sp=d1880]
[pc-nothreads sp=d1880]
[pc-entry sp=d1880]
[pc-nothreads sp=d1880]
[pc-entry sp=d1880]
[pc-nothreads sp=d1880]
[pc-entry sp=d1880]
[pc-nothreads sp=d1880]
[pc-entry sp=d1880]
[pc-nothreads sp=d1880]
[pc-entry sp=d1880]
[pc-nothreads sp=d1880]
[pc-entry sp=d1880]
[pc-nothreads sp=d1880]
[open-nocancel-entry sp=d1880]
[open-nocancel-postwd sp=d1880]
[openat-entry sp=d1880]
[pc-entry sp=d1880]
[pc-nothreads sp=d1880]
[pc-entry sp=d1880]
[pc-nothreads sp=d1880]
[pc-entry sp=d1880]
[pc-nothreads sp=d1880]
[pc-entry sp=d1880]
[pc-nothreads sp=d1880]
[pc-entry sp=d1880]
[pc-nothreads sp=d1880]
[pc-entry sp=d1880]
[pc-nothreads sp=d1880]
[pc-entry sp=d1880]
[pc-nothreads sp=d1880]
[open-nocancel-entry sp=d1880]
[open-nocancel-postwd sp=d1880]
[openat-entry sp=d1880]
[pc-entry sp=d1880]
[pc-nothreads sp=d1880]
[pc-entry sp=d1880]
[pc-nothreads sp=d1880]
[pc-entry sp=d1880]
[pc-nothreads sp=d1880]
[pc-entry sp=d1880]
[pc-nothreads sp=d1880]
[pc-entry sp=d1880]
[pc-nothreads sp=d1880]
[pc-entry sp=d1880]
[pc-nothreads sp=d1880]
[pc-entry sp=d1880]
[pc-nothreads sp=d1880]
[open-nocancel-entry sp=d1880]
[open-nocancel-postwd sp=d1880]
[openat-entry sp=d1880]
[pc-entry sp=d1880]
[pc-nothreads sp=d1880]
[pc-entry sp=d1880]
[pc-nothreads sp=d1880]
[pc-entry sp=d1880]
[pc-nothreads sp=d1880]
[pc-entry sp=d1880]
[pc-nothreads sp=d1880]
[pc-entry sp=d1880]
[pc-nothreads sp=d1880]
[pc-entry sp=d1880]
[pc-nothreads sp=d1880]
[open-nocancel-entry sp=d1880]
[open-nocancel-postwd sp=d1880]
[openat-entry sp=d1880]
[pc-entry sp=d1880]
[pc-nothreads sp=d1880]
[pc-entry sp=d1880]
[pc-nothreads sp=d1880]
[pc-entry sp=d1880]
[pc-nothreads sp=d1880]
[pc-entry sp=d1880]
[pc-nothreads sp=d1880]
[pc-entry sp=d1880]
[pc-nothreads sp=d1880]
[pc-entry sp=d1880]
[pc-nothreads sp=d1880]
[open-nocancel-entry sp=d1880]
[open-nocancel-postwd sp=d1880]
[openat-entry sp=d1880]
[pc-entry sp=d1880]
[pc-nothreads sp=d1880]
[pc-entry sp=d1880]
[pc-nothreads sp=d1880]
[pc-entry sp=d1880]
[pc-nothreads sp=d1880]
[pc-entry sp=d1880]
[pc-nothreads sp=d1880]
[pc-entry sp=d1880]
[pc-nothreads sp=d1880]
[pc-entry sp=d1880]
[pc-nothreads sp=d1880]
[open-nocancel-entry sp=d1880]
[open-nocancel-postwd sp=d1880]
[openat-entry sp=d1880]
[pc-entry sp=d1880]
[pc-nothreads sp=d1880]
[pc-entry sp=d1880]
[pc-nothreads sp=d1880]
[pc-entry sp=d1880]
[pc-nothreads sp=d1880]
[pc-entry sp=d1880]
[pc-nothreads sp=d1880]
[pc-entry sp=d1880]
[pc-nothreads sp=d1880]
[pc-entry sp=d1880]
[pc-nothreads sp=d1880]
[open-nocancel-entry sp=d1880]
[open-nocancel-postwd sp=d1880]
[openat-entry sp=d1880]
[pc-entry sp=d1880]
[pc-nothreads sp=d1880]
[pc-entry sp=d1880]
[pc-nothreads sp=d1880]
[pc-entry sp=d1880]
[pc-nothreads sp=d1880]
[pc-entry sp=d1880]
[pc-nothreads sp=d1880]
[pc-entry sp=d1880]
[pc-nothreads sp=d1880]
[pc-entry sp=d1880]
[pc-nothreads sp=d1880]
[open-nocancel-entry sp=d1880]
[open-nocancel-postwd sp=d1880]
[openat-entry sp=d1880]
[pc-entry sp=d1880]
[pc-nothreads sp=d1880]
[pc-entry sp=d1880]
[pc-nothreads sp=d1880]
[pc-entry sp=d1880]
[pc-nothreads sp=d1880]
[pc-entry sp=d1880]
[pc-nothreads sp=d1880]
[pc-entry sp=d1880]
[pc-nothreads sp=d1880]
[pc-entry sp=d1880]
[pc-nothreads sp=d1880]
[open-nocancel-entry sp=d1880]
[open-nocancel-postwd sp=d1880]
[openat-entry sp=d1880]
[pc-entry sp=d1880]
[pc-nothreads sp=d1880]
[pc-entry sp=d1880]
[pc-nothreads sp=d1880]
[pc-entry sp=d1880]
[pc-nothreads sp=d1880]
[pc-entry sp=d1880]
[pc-nothreads sp=d1880]
[pc-entry sp=d1880]
[pc-nothreads sp=d1880]
[pc-entry sp=d1880]
[pc-nothreads sp=d1880]
[pc-entry sp=d1880]
[pc-nothreads sp=d1880]
[open-nocancel-entry sp=d1880]
[open-nocancel-postwd sp=d1880]
[openat-entry sp=d1880]
[pc-entry sp=d1880]
[pc-nothreads sp=d1880]
[pc-entry sp=d1880]
[pc-nothreads sp=d1880]
[pc-entry sp=d1880]
[pc-nothreads sp=d1880]
[pc-entry sp=d1880]
[pc-nothreads sp=d1880]
[pc-entry sp=d1880]
[pc-nothreads sp=d1880]
[pc-entry sp=d1880]
[pc-nothreads sp=d1880]
[open-nocancel-entry sp=d1880]
[open-nocancel-postwd sp=d1880]
[openat-entry sp=d1880]
[pc-entry sp=d1880]
[pc-nothreads sp=d1880]
[pc-entry sp=d1880]
[pc-nothreads sp=d1880]
[pc-entry sp=d1880]
[pc-nothreads sp=d1880]
[pc-entry sp=d1880]
[pc-nothreads sp=d1880]
[pc-entry sp=d1880]
[pc-nothreads sp=d1880]
[pc-entry sp=d1880]
[pc-nothreads sp=d1880]
[open-nocancel-entry sp=d1880]
[open-nocancel-postwd sp=d1880]
[openat-entry sp=d1880]
[pc-entry sp=d1880]
[pc-nothreads sp=d1880]
[pc-entry sp=d1880]
[pc-nothreads sp=d1880]
[pc-entry sp=d1880]
[pc-nothreads sp=d1880]
[pc-entry sp=d1880]
[pc-nothreads sp=d1880]
[pc-entry sp=d1880]
[pc-nothreads sp=d1880]
[pc-entry sp=d1880]
[pc-nothreads sp=d1880]
[pc-entry sp=d1880]
[pc-nothreads sp=d1880]
[open-nocancel-entry sp=d1880]
[open-nocancel-postwd sp=d1880]
[openat-entry sp=d1880]
[pc-entry sp=d1880]
[pc-nothreads sp=d1880]
[pc-entry sp=d1880]
[pc-nothreads sp=d1880]
[pc-entry sp=d1880]
[pc-nothreads sp=d1880]
[pc-entry sp=d1880]
[pc-nothreads sp=d1880]
[pc-entry sp=d1880]
[pc-nothreads sp=d1880]
[pc-entry sp=d1880]
[pc-nothreads sp=d1880]
[open-nocancel-entry sp=d1880]
[open-nocancel-postwd sp=d1880]
[openat-entry sp=d1880]
[pc-entry sp=d1880]
[pc-nothreads sp=d1880]
[pc-entry sp=d1880]
[pc-nothreads sp=d1880]
[pc-entry sp=d1880]
[pc-nothreads sp=d1880]
[pc-entry sp=d1880]
[pc-nothreads sp=d1880]
[pc-entry sp=d1880]
[pc-nothreads sp=d1880]
[pc-entry sp=d1880]
[pc-nothreads sp=d1880]
[open-nocancel-entry sp=d1880]
[open-nocancel-postwd sp=d1880]
[openat-entry sp=d1880]
[pc-entry sp=d1880]
[pc-nothreads sp=d1880]
[pc-entry sp=d1880]
[pc-nothreads sp=d1880]
[pc-entry sp=d1880]
[pc-nothreads sp=d1880]
[pc-entry sp=d1880]
[pc-nothreads sp=d1880]
[pc-entry sp=d1880]
[pc-nothreads sp=d1880]
[pc-entry sp=d1880]
[pc-nothreads sp=d1880]
[open-nocancel-entry sp=d1880]
[open-nocancel-postwd sp=d1880]
[openat-entry sp=d1880]
[pc-entry sp=d1880]
[pc-nothreads sp=d1880]
[pc-entry sp=d1880]
[pc-nothreads sp=d1880]
[pc-entry sp=d1880]
[pc-nothreads sp=d1880]
[pc-entry sp=d1880]
[pc-nothreads sp=d1880]
[pc-entry sp=d1880]
[pc-nothreads sp=d1880]
[pc-entry sp=d1880]
[pc-nothreads sp=d1880]
[open-nocancel-entry sp=d1880]
[open-nocancel-postwd sp=d1880]
[openat-entry sp=d1880]
[pc-entry sp=d1880]
[pc-nothreads sp=d1880]
[pc-entry sp=d1880]
[pc-nothreads sp=d1880]
[pc-entry sp=d1880]
[pc-nothreads sp=d1880]
[pc-entry sp=d1880]
[pc-nothreads sp=d1880]
[pc-entry sp=d1880]
[pc-nothreads sp=d1880]
[pc-entry sp=d1880]
[pc-nothreads sp=d1880]
[open-nocancel-entry sp=d1880]
[open-nocancel-postwd sp=d1880]
[openat-entry sp=d1880]
[pc-entry sp=d1880]
[pc-nothreads sp=d1880]
[pc-entry sp=d1880]
[pc-nothreads sp=d1880]
[pc-entry sp=d1880]
[pc-nothreads sp=d1880]
[pc-entry sp=d1880]
[pc-nothreads sp=d1880]
[pc-entry sp=d1880]
[pc-nothreads sp=d1880]
[pc-entry sp=d1880]
[pc-nothreads sp=d1880]
[pc-entry sp=d1880]
[pc-nothreads sp=d1880]
[open-nocancel-entry sp=d1880]
[open-nocancel-postwd sp=d1880]
[openat-entry sp=d1880]
[pc-entry sp=d1880]
[pc-nothreads sp=d1880]
[pc-entry sp=d1880]
[pc-nothreads sp=d1880]
[pc-entry sp=d1880]
[pc-nothreads sp=d1880]
[pc-entry sp=d1880]
[pc-nothreads sp=d1880]
[pc-entry sp=d1880]
[pc-nothreads sp=d1880]
[pc-entry sp=d1880]
[pc-nothreads sp=d1880]
[open-nocancel-entry sp=d1880]
[open-nocancel-postwd sp=d1880]
[openat-entry sp=d1880]
[pc-entry sp=d1880]
[pc-nothreads sp=d1880]
[pc-entry sp=d1880]
[pc-nothreads sp=d1880]
[pc-entry sp=d1880]
[pc-nothreads sp=d1880]
[pc-entry sp=d1880]
[pc-nothreads sp=d1880]
[pc-entry sp=d1880]
[pc-nothreads sp=d1880]
[pc-entry sp=d1880]
[pc-nothreads sp=d1880]
[pc-entry sp=d1880]
[pc-nothreads sp=d1880]
[open-nocancel-entry sp=d1880]
[open-nocancel-postwd sp=d1880]
[openat-entry sp=d1880]
[pc-entry sp=d1880]
[pc-nothreads sp=d1880]
[pc-entry sp=d1880]
[pc-nothreads sp=d1880]
[pc-entry sp=d1880]
[pc-nothreads sp=d1880]
[pc-entry sp=d1880]
[pc-nothreads sp=d1880]
[pc-entry sp=d1880]
[pc-nothreads sp=d1880]
[pc-entry sp=d1880]
[pc-nothreads sp=d1880]
[pc-entry sp=d1880]
[pc-nothreads sp=d1880]
[open-nocancel-entry sp=d1880]
[open-nocancel-postwd sp=d1880]
[openat-entry sp=d1880]
[pc-entry sp=d1880]
[pc-nothreads sp=d1880]
[pc-entry sp=d1880]
[pc-nothreads sp=d1880]
[pc-entry sp=d1880]
[pc-nothreads sp=d1880]
[pc-entry sp=d1880]
[pc-nothreads sp=d1880]
[pc-entry sp=d1880]
[pc-nothreads sp=d1880]
[pc-entry sp=d1880]
[pc-nothreads sp=d1880]
[open-nocancel-entry sp=d1880]
[open-nocancel-postwd sp=d1880]
[openat-entry sp=d1880]
[pc-entry sp=d1880]
[pc-nothreads sp=d1880]
[pc-entry sp=d1880]
[pc-nothreads sp=d1880]
[pc-entry sp=d1880]
[pc-nothreads sp=d1880]
[pc-entry sp=d1880]
[pc-nothreads sp=d1880]
[pc-entry sp=d1880]
[pc-nothreads sp=d1880]
[pc-entry sp=d1880]
[pc-nothreads sp=d1880]
[open-nocancel-entry sp=d1880]
[open-nocancel-postwd sp=d1880]
[openat-entry sp=d1880]
[pc-entry sp=d1880]
[pc-nothreads sp=d1880]
[pc-entry sp=d1880]
[pc-nothreads sp=d1880]
[pc-entry sp=d1880]
[pc-nothreads sp=d1880]
[pc-entry sp=d1880]
[pc-nothreads sp=d1880]
[pc-entry sp=d1880]
[pc-nothreads sp=d1880]
[pc-entry sp=d1880]
[pc-nothreads sp=d1880]
[pc-entry sp=d1880]
[pc-nothreads sp=d1880]
[sigsegv-mask how=1 ra=0x7A9E985ACD85]
[dring-adopt] pid=2005787 tid=2005787 registry=0x5ABB9B9024A0 slots=1024 found=1 gate=1 doorbell=1048574 regelfc=0x5ABB9B9024A0 slotelfc=1024
[dring-adopt] liveness pid=2005787 tid=2005787 map=0x7A9E991CA000 server_state=0 gen=1 creator_image=0x102 mode=2
[dring-adopt] pre-claim pid=2005787 pages=0x0 (a claim may mmap: an EMULATED syscall)
[dring-adopt] post-claim pid=2005787 ok
[sigexc-setup pid=2005787 tid=2005787 seq=1 libpage=0x7A9E9862A000]
[reg pid=2005787 tsd_offset=224 pthsize=8192 dispatch=160 rtk=40 mts=24]
[open-nocancel-entry sp=d1880]
[open-nocancel-postwd sp=d1880]
[openat-entry sp=d1880]
[sigsegv-mask how=1 ra=0x7A9E985ACD85]
[open-nocancel-entry sp=d1880]
[open-nocancel-postwd sp=d1880]
[openat-entry sp=d1880]
[open-entry sp=d1880]
[pc-entry sp=d1880]
[pc-nothreads sp=d1880]
[open-postcancel sp=d1880]
[open-postwd sp=d1880]
[open-path /proc/self/fd/6]
[openat-entry sp=d1880]
[pc-entry sp=d1880]
[pc-nothreads sp=d1880]
[sigsegv-mask how=1 ra=0x7A9E985ACD85]
[open-entry sp=d1880]
[pc-entry sp=d1880]
[pc-nothreads sp=d1880]
[open-postcancel sp=d1880]
[open-postwd sp=d1880]
[open-path /sbin/launchd]
[openat-entry sp=d1880]
[pc-entry sp=d1880]
[pc-nothreads sp=d1880]
[fd-courier-conn] sock=8 ino=4154557
[courier-send] n=1 scm=1 fdcnt=1 payload=24 direction=guest->server
[plane-doorbell] adopted=1048574 fd=9 stored_dup=11 token=10892014895236076021
[plane-doorbell] drain attempts=2 adopted=1
[srv-checkin pid=1 tid=2005787 present_before=2005787]
[srv-checkin #1 pid=2005787 tid=2005787 fork=0 page=1 ready=1]
[release-drops-pending] site=mldr.c:1347
[release-drops-pending] site=mldr.c:1347
[release-drops-pending] site=mldr.c:1347
[mldr-seed] attach pid=2005787 memfd=3 size=2816
[courier-send] n=2 scm=1 fdcnt=1 payload=24 direction=guest->server
[plane-wake] n=1 via=doorbell scm=0 fdcnt=0 payload=0 db=1048574
[srv-attach-dispatch] pid=2005787 seq=1 fd=15 token=8681544631219327023
[srv-lane-attach #1 pid=2005787 tid=2005787 slots=8 slot_size=128]
[plane-doorbell] adopted=1048574 fd=9 stored_dup=12 token=10192380448168270842
[plane-doorbell] adopted=1048574 fd=9 stored_dup=13 token=13518403905330634179
[mldr-seed] attach-rc pid=2005787 rc=0 reject=0 wake=13
[mldr-seed] doorbell-in pid=2005787 wake=13 mode=close
[mldr-seed] doorbell-out pid=2005787 fd=1048574
[mldr-seed] seeded pid=2005787 map=0x7db90a5f3000
[dring-adopt] pid=2005787 tid=2005787 registry=0x64D44E7B24A0 slots=1024 found=1 gate=1 doorbell=1048574 regelfc=0x64D44E7B24A0 slotelfc=1024
[dring-adopt] liveness pid=2005787 tid=2005787 map=0x7DB90A5F3000 server_state=0 gen=1 creator_image=0x102 mode=2
[dring-adopt] pre-claim pid=2005787 pages=0x0 (a claim may mmap: an EMULATED syscall)
[dring-adopt] post-claim pid=2005787 ok
[sigexc-setup pid=2005787 tid=2005787 seq=1 libpage=0x7DB909F80000]
[open-nocancel-entry sp=fa880]
[open-nocancel-postwd sp=fa880]
[openat-entry sp=fa880]
[open-nocancel-entry sp=fa880]
[open-nocancel-postwd sp=fa880]
[openat-entry sp=fa880]
[open-nocancel-entry sp=fa880]
[open-nocancel-postwd sp=fa880]
[openat-entry sp=fa880]
[pc-entry sp=fa880]
[pc-nothreads sp=fa880]
[pc-entry sp=fa880]
[pc-nothreads sp=fa880]
[pc-entry sp=fa880]
[pc-nothreads sp=fa880]
[pc-entry sp=fa880]
[pc-nothreads sp=fa880]
[pc-entry sp=fa880]
[pc-nothreads sp=fa880]
[open-nocancel-entry sp=fa880]
[open-nocancel-postwd sp=fa880]
[openat-entry sp=fa880]
[pc-entry sp=fa880]
[pc-nothreads sp=fa880]
[pc-entry sp=fa880]
[pc-nothreads sp=fa880]
[pc-entry sp=fa880]
[pc-nothreads sp=fa880]
[pc-entry sp=fa880]
[pc-nothreads sp=fa880]
[pc-entry sp=fa880]
[pc-nothreads sp=fa880]
[open-nocancel-entry sp=fa880]
[open-nocancel-postwd sp=fa880]
[openat-entry sp=fa880]
[pc-entry sp=fa880]
[pc-nothreads sp=fa880]
[pc-entry sp=fa880]
[pc-nothreads sp=fa880]
[pc-entry sp=fa880]
[pc-nothreads sp=fa880]
[pc-entry sp=fa880]
[pc-nothreads sp=fa880]
[pc-entry sp=fa880]
[pc-nothreads sp=fa880]
[open-nocancel-entry sp=fa880]
[open-nocancel-postwd sp=fa880]
[openat-entry sp=fa880]
[pc-entry sp=fa880]
[pc-nothreads sp=fa880]
[pc-entry sp=fa880]
[pc-nothreads sp=fa880]
[pc-entry sp=fa880]
[pc-nothreads sp=fa880]
[pc-entry sp=fa880]
[pc-nothreads sp=fa880]
[pc-entry sp=fa880]
[pc-nothreads sp=fa880]
[open-nocancel-entry sp=fa880]
[open-nocancel-postwd sp=fa880]
[openat-entry sp=fa880]
[pc-entry sp=fa880]
[pc-nothreads sp=fa880]
[pc-entry sp=fa880]
[pc-nothreads sp=fa880]
[pc-entry sp=fa880]
[pc-nothreads sp=fa880]
[pc-entry sp=fa880]
[pc-nothreads sp=fa880]
[pc-entry sp=fa880]
[pc-nothreads sp=fa880]
[pc-entry sp=fa880]
[pc-nothreads sp=fa880]
[open-nocancel-entry sp=fa880]
[open-nocancel-postwd sp=fa880]
[openat-entry sp=fa880]
[pc-entry sp=fa880]
[pc-nothreads sp=fa880]
[pc-entry sp=fa880]
[pc-nothreads sp=fa880]
[pc-entry sp=fa880]
[pc-nothreads sp=fa880]
[pc-entry sp=fa880]
[pc-nothreads sp=fa880]
[pc-entry sp=fa880]
[pc-nothreads sp=fa880]
[pc-entry sp=fa880]
[pc-nothreads sp=fa880]
[open-nocancel-entry sp=fa880]
[open-nocancel-postwd sp=fa880]
[openat-entry sp=fa880]
[pc-entry sp=fa880]
[pc-nothreads sp=fa880]
[pc-entry sp=fa880]
[pc-nothreads sp=fa880]
[pc-entry sp=fa880]
[pc-nothreads sp=fa880]
[pc-entry sp=fa880]
[pc-nothreads sp=fa880]
[pc-entry sp=fa880]
[pc-nothreads sp=fa880]
[pc-entry sp=fa880]
[pc-nothreads sp=fa880]
[open-nocancel-entry sp=fa880]
[open-nocancel-postwd sp=fa880]
[openat-entry sp=fa880]
[pc-entry sp=fa880]
[pc-nothreads sp=fa880]
[pc-entry sp=fa880]
[pc-nothreads sp=fa880]
[pc-entry sp=fa880]
[pc-nothreads sp=fa880]
[pc-entry sp=fa880]
[pc-nothreads sp=fa880]
[pc-entry sp=fa880]
[pc-nothreads sp=fa880]
[pc-entry sp=fa880]
[pc-nothreads sp=fa880]
[open-nocancel-entry sp=fa880]
[open-nocancel-postwd sp=fa880]
[openat-entry sp=fa880]
[pc-entry sp=fa880]
[pc-nothreads sp=fa880]
[pc-entry sp=fa880]
[pc-nothreads sp=fa880]
[pc-entry sp=fa880]
[pc-nothreads sp=fa880]
[pc-entry sp=fa880]
[pc-nothreads sp=fa880]
[pc-entry sp=fa880]
[pc-nothreads sp=fa880]
[open-nocancel-entry sp=fa880]
[open-nocancel-postwd sp=fa880]
[openat-entry sp=fa880]
[pc-entry sp=fa880]
[pc-nothreads sp=fa880]
[pc-entry sp=fa880]
[pc-nothreads sp=fa880]
[pc-entry sp=fa880]
[pc-nothreads sp=fa880]
[pc-entry sp=fa880]
[pc-nothreads sp=fa880]
[pc-entry sp=fa880]
[pc-nothreads sp=fa880]
[pc-entry sp=fa880]
[pc-nothreads sp=fa880]
[open-nocancel-entry sp=fa880]
[open-nocancel-postwd sp=fa880]
[openat-entry sp=fa880]
[pc-entry sp=fa880]
[pc-nothreads sp=fa880]
[pc-entry sp=fa880]
[pc-nothreads sp=fa880]
[pc-entry sp=fa880]
[pc-nothreads sp=fa880]
[pc-entry sp=fa880]
[pc-nothreads sp=fa880]
[pc-entry sp=fa880]
[pc-nothreads sp=fa880]
[open-nocancel-entry sp=fa880]
[open-nocancel-postwd sp=fa880]
[openat-entry sp=fa880]
[pc-entry sp=fa880]
[pc-nothreads sp=fa880]
[pc-entry sp=fa880]
[pc-nothreads sp=fa880]
[pc-entry sp=fa880]
[pc-nothreads sp=fa880]
[pc-entry sp=fa880]
[pc-nothreads sp=fa880]
[pc-entry sp=fa880]
[pc-nothreads sp=fa880]
[open-nocancel-entry sp=fa880]
[open-nocancel-postwd sp=fa880]
[openat-entry sp=fa880]
[pc-entry sp=fa880]
[pc-nothreads sp=fa880]
[pc-entry sp=fa880]
[pc-nothreads sp=fa880]
[pc-entry sp=fa880]
[pc-nothreads sp=fa880]
[pc-entry sp=fa880]
[pc-nothreads sp=fa880]
[pc-entry sp=fa880]
[pc-nothreads sp=fa880]
[open-nocancel-entry sp=fa880]
[open-nocancel-postwd sp=fa880]
[openat-entry sp=fa880]
[pc-entry sp=fa880]
[pc-nothreads sp=fa880]
[pc-entry sp=fa880]
[pc-nothreads sp=fa880]
[pc-entry sp=fa880]
[pc-nothreads sp=fa880]
[pc-entry sp=fa880]
[pc-nothreads sp=fa880]
[pc-entry sp=fa880]
[pc-nothreads sp=fa880]
[open-nocancel-entry sp=fa880]
[open-nocancel-postwd sp=fa880]
[openat-entry sp=fa880]
[pc-entry sp=fa880]
[pc-nothreads sp=fa880]
[pc-entry sp=fa880]
[pc-nothreads sp=fa880]
[pc-entry sp=fa880]
[pc-nothreads sp=fa880]
[pc-entry sp=fa880]
[pc-nothreads sp=fa880]
[pc-entry sp=fa880]
[pc-nothreads sp=fa880]
[pc-entry sp=fa880]
[pc-nothreads sp=fa880]
[open-nocancel-entry sp=fa880]
[open-nocancel-postwd sp=fa880]
[openat-entry sp=fa880]
[pc-entry sp=fa880]
[pc-nothreads sp=fa880]
[pc-entry sp=fa880]
[pc-nothreads sp=fa880]
[pc-entry sp=fa880]
[pc-nothreads sp=fa880]
[pc-entry sp=fa880]
[pc-nothreads sp=fa880]
[pc-entry sp=fa880]
[pc-nothreads sp=fa880]
[pc-entry sp=fa880]
[pc-nothreads sp=fa880]
[open-nocancel-entry sp=fa880]
[open-nocancel-postwd sp=fa880]
[openat-entry sp=fa880]
[pc-entry sp=fa880]
[pc-nothreads sp=fa880]
[pc-entry sp=fa880]
[pc-nothreads sp=fa880]
[pc-entry sp=fa880]
[pc-nothreads sp=fa880]
[pc-entry sp=fa880]
[pc-nothreads sp=fa880]
[pc-entry sp=fa880]
[pc-nothreads sp=fa880]
[pc-entry sp=fa880]
[pc-nothreads sp=fa880]
[open-nocancel-entry sp=fa880]
[open-nocancel-postwd sp=fa880]
[openat-entry sp=fa880]
[pc-entry sp=fa880]
[pc-nothreads sp=fa880]
[pc-entry sp=fa880]
[pc-nothreads sp=fa880]
[pc-entry sp=fa880]
[pc-nothreads sp=fa880]
[pc-entry sp=fa880]
[pc-nothreads sp=fa880]
[pc-entry sp=fa880]
[pc-nothreads sp=fa880]
[open-nocancel-entry sp=fa880]
[open-nocancel-postwd sp=fa880]
[openat-entry sp=fa880]
[pc-entry sp=fa880]
[pc-nothreads sp=fa880]
[pc-entry sp=fa880]
[pc-nothreads sp=fa880]
[pc-entry sp=fa880]
[pc-nothreads sp=fa880]
[pc-entry sp=fa880]
[pc-nothreads sp=fa880]
[pc-entry sp=fa880]
[pc-nothreads sp=fa880]
[open-nocancel-entry sp=fa880]
[open-nocancel-postwd sp=fa880]
[openat-entry sp=fa880]
[pc-entry sp=fa880]
[pc-nothreads sp=fa880]
[pc-entry sp=fa880]
[pc-nothreads sp=fa880]
[pc-entry sp=fa880]
[pc-nothreads sp=fa880]
[pc-entry sp=fa880]
[pc-nothreads sp=fa880]
[pc-entry sp=fa880]
[pc-nothreads sp=fa880]
[open-nocancel-entry sp=fa880]
[open-nocancel-postwd sp=fa880]
[openat-entry sp=fa880]
[pc-entry sp=fa880]
[pc-nothreads sp=fa880]
[pc-entry sp=fa880]
[pc-nothreads sp=fa880]
[pc-entry sp=fa880]
[pc-nothreads sp=fa880]
[pc-entry sp=fa880]
[pc-nothreads sp=fa880]
[pc-entry sp=fa880]
[pc-nothreads sp=fa880]
[open-nocancel-entry sp=fa880]
[open-nocancel-postwd sp=fa880]
[openat-entry sp=fa880]
[pc-entry sp=fa880]
[pc-nothreads sp=fa880]
[pc-entry sp=fa880]
[pc-nothreads sp=fa880]
[pc-entry sp=fa880]
[pc-nothreads sp=fa880]
[pc-entry sp=fa880]
[pc-nothreads sp=fa880]
[pc-entry sp=fa880]
[pc-nothreads sp=fa880]
[open-nocancel-entry sp=fa880]
[open-nocancel-postwd sp=fa880]
[openat-entry sp=fa880]
[pc-entry sp=fa880]
[pc-nothreads sp=fa880]
[pc-entry sp=fa880]
[pc-nothreads sp=fa880]
[pc-entry sp=fa880]
[pc-nothreads sp=fa880]
[pc-entry sp=fa880]
[pc-nothreads sp=fa880]
[pc-entry sp=fa880]
[pc-nothreads sp=fa880]
[open-nocancel-entry sp=fa880]
[open-nocancel-postwd sp=fa880]
[openat-entry sp=fa880]
[pc-entry sp=fa880]
[pc-nothreads sp=fa880]
[pc-entry sp=fa880]
[pc-nothreads sp=fa880]
[pc-entry sp=fa880]
[pc-nothreads sp=fa880]
[pc-entry sp=fa880]
[pc-nothreads sp=fa880]
[pc-entry sp=fa880]
[pc-nothreads sp=fa880]
[pc-entry sp=fa880]
[pc-nothreads sp=fa880]
[open-nocancel-entry sp=fa880]
[open-nocancel-postwd sp=fa880]
[openat-entry sp=fa880]
[pc-entry sp=fa880]
[pc-nothreads sp=fa880]
[pc-entry sp=fa880]
[pc-nothreads sp=fa880]
[pc-entry sp=fa880]
[pc-nothreads sp=fa880]
[pc-entry sp=fa880]
[pc-nothreads sp=fa880]
[pc-entry sp=fa880]
[pc-nothreads sp=fa880]
[open-nocancel-entry sp=fa880]
[open-nocancel-postwd sp=fa880]
[openat-entry sp=fa880]
[pc-entry sp=fa880]
[pc-nothreads sp=fa880]
[pc-entry sp=fa880]
[pc-nothreads sp=fa880]
[pc-entry sp=fa880]
[pc-nothreads sp=fa880]
[pc-entry sp=fa880]
[pc-nothreads sp=fa880]
[pc-entry sp=fa880]
[pc-nothreads sp=fa880]
[open-nocancel-entry sp=fa880]
[open-nocancel-postwd sp=fa880]
[openat-entry sp=fa880]
[pc-entry sp=fa880]
[pc-nothreads sp=fa880]
[pc-entry sp=fa880]
[pc-nothreads sp=fa880]
[pc-entry sp=fa880]
[pc-nothreads sp=fa880]
[pc-entry sp=fa880]
[pc-nothreads sp=fa880]
[pc-entry sp=fa880]
[pc-nothreads sp=fa880]
[pc-entry sp=fa880]
[pc-nothreads sp=fa880]
[open-nocancel-entry sp=fa880]
[open-nocancel-postwd sp=fa880]
[openat-entry sp=fa880]
[pc-entry sp=fa880]
[pc-nothreads sp=fa880]
[pc-entry sp=fa880]
[pc-nothreads sp=fa880]
[pc-entry sp=fa880]
[pc-nothreads sp=fa880]
[pc-entry sp=fa880]
[pc-nothreads sp=fa880]
[pc-entry sp=fa880]
[pc-nothreads sp=fa880]
[open-nocancel-entry sp=fa880]
[open-nocancel-postwd sp=fa880]
[openat-entry sp=fa880]
[pc-entry sp=fa880]
[pc-nothreads sp=fa880]
[pc-entry sp=fa880]
[pc-nothreads sp=fa880]
[pc-entry sp=fa880]
[pc-nothreads sp=fa880]
[pc-entry sp=fa880]
[pc-nothreads sp=fa880]
[pc-entry sp=fa880]
[pc-nothreads sp=fa880]
[open-nocancel-entry sp=fa880]
[open-nocancel-postwd sp=fa880]
[openat-entry sp=fa880]
[pc-entry sp=fa880]
[pc-nothreads sp=fa880]
[pc-entry sp=fa880]
[pc-nothreads sp=fa880]
[pc-entry sp=fa880]
[pc-nothreads sp=fa880]
[pc-entry sp=fa880]
[pc-nothreads sp=fa880]
[pc-entry sp=fa880]
[pc-nothreads sp=fa880]
[open-nocancel-entry sp=fa880]
[open-nocancel-postwd sp=fa880]
[openat-entry sp=fa880]
[pc-entry sp=fa880]
[pc-nothreads sp=fa880]
[pc-entry sp=fa880]
[pc-nothreads sp=fa880]
[pc-entry sp=fa880]
[pc-nothreads sp=fa880]
[pc-entry sp=fa880]
[pc-nothreads sp=fa880]
[pc-entry sp=fa880]
[pc-nothreads sp=fa880]
[open-nocancel-entry sp=fa880]
[open-nocancel-postwd sp=fa880]
[openat-entry sp=fa880]
[pc-entry sp=fa880]
[pc-nothreads sp=fa880]
[pc-entry sp=fa880]
[pc-nothreads sp=fa880]
[pc-entry sp=fa880]
[pc-nothreads sp=fa880]
[pc-entry sp=fa880]
[pc-nothreads sp=fa880]
[pc-entry sp=fa880]
[pc-nothreads sp=fa880]
[open-nocancel-entry sp=fa880]
[open-nocancel-postwd sp=fa880]
[openat-entry sp=fa880]
[pc-entry sp=fa880]
[pc-nothreads sp=fa880]
[pc-entry sp=fa880]
[pc-nothreads sp=fa880]
[pc-entry sp=fa880]
[pc-nothreads sp=fa880]
[pc-entry sp=fa880]
[pc-nothreads sp=fa880]
[pc-entry sp=fa880]
[pc-nothreads sp=fa880]
[pc-entry sp=fa880]
[pc-nothreads sp=fa880]
[open-nocancel-entry sp=fa880]
[open-nocancel-postwd sp=fa880]
[openat-entry sp=fa880]
[pc-entry sp=fa880]
[pc-nothreads sp=fa880]
[pc-entry sp=fa880]
[pc-nothreads sp=fa880]
[pc-entry sp=fa880]
[pc-nothreads sp=fa880]
[pc-entry sp=fa880]
[pc-nothreads sp=fa880]
[pc-entry sp=fa880]
[pc-nothreads sp=fa880]
[open-nocancel-entry sp=fa880]
[open-nocancel-postwd sp=fa880]
[openat-entry sp=fa880]
[pc-entry sp=fa880]
[pc-nothreads sp=fa880]
[pc-entry sp=fa880]
[pc-nothreads sp=fa880]
[pc-entry sp=fa880]
[pc-nothreads sp=fa880]
[pc-entry sp=fa880]
[pc-nothreads sp=fa880]
[pc-entry sp=fa880]
[pc-nothreads sp=fa880]
[pc-entry sp=fa880]
[pc-nothreads sp=fa880]
[open-nocancel-entry sp=fa880]
[open-nocancel-postwd sp=fa880]
[openat-entry sp=fa880]
[pc-entry sp=fa880]
[pc-nothreads sp=fa880]
[pc-entry sp=fa880]
[pc-nothreads sp=fa880]
[pc-entry sp=fa880]
[pc-nothreads sp=fa880]
[pc-entry sp=fa880]
[pc-nothreads sp=fa880]
[pc-entry sp=fa880]
[pc-nothreads sp=fa880]
[pc-entry sp=fa880]
[pc-nothreads sp=fa880]
[open-nocancel-entry sp=fa880]
[open-nocancel-postwd sp=fa880]
[openat-entry sp=fa880]
[pc-entry sp=fa880]
[pc-nothreads sp=fa880]
[pc-entry sp=fa880]
[pc-nothreads sp=fa880]
[pc-entry sp=fa880]
[pc-nothreads sp=fa880]
[pc-entry sp=fa880]
[pc-nothreads sp=fa880]
[pc-entry sp=fa880]
[pc-nothreads sp=fa880]
[open-nocancel-entry sp=fa880]
[open-nocancel-postwd sp=fa880]
[openat-entry sp=fa880]
[pc-entry sp=fa880]
[pc-nothreads sp=fa880]
[pc-entry sp=fa880]
[pc-nothreads sp=fa880]
[pc-entry sp=fa880]
[pc-nothreads sp=fa880]
[pc-entry sp=fa880]
[pc-nothreads sp=fa880]
[pc-entry sp=fa880]
[pc-nothreads sp=fa880]
[open-nocancel-entry sp=fa880]
[open-nocancel-postwd sp=fa880]
[openat-entry sp=fa880]
[pc-entry sp=fa880]
[pc-nothreads sp=fa880]
[pc-entry sp=fa880]
[pc-nothreads sp=fa880]
[pc-entry sp=fa880]
[pc-nothreads sp=fa880]
[pc-entry sp=fa880]
[pc-nothreads sp=fa880]
[pc-entry sp=fa880]
[pc-nothreads sp=fa880]
[pc-entry sp=fa880]
[pc-nothreads sp=fa880]
[sigsegv-mask how=1 ra=0x7DB9099ACD85]
[dring-adopt] pid=2005787 tid=2005787 registry=0x64D44E7B24A0 slots=1024 found=1 gate=1 doorbell=1048574 regelfc=0x64D44E7B24A0 slotelfc=1024
[dring-adopt] liveness pid=2005787 tid=2005787 map=0x7DB90A5F3000 server_state=0 gen=1 creator_image=0x102 mode=2
[dring-adopt] pre-claim pid=2005787 pages=0x0 (a claim may mmap: an EMULATED syscall)
[dring-adopt] post-claim pid=2005787 ok
[sigexc-setup pid=2005787 tid=2005787 seq=1 libpage=0x7DB909A2A000]
[reg pid=2005787 tsd_offset=224 pthsize=8192 dispatch=160 rtk=40 mts=24]
[open-nocancel-entry sp=fa880]
[open-nocancel-postwd sp=fa880]
[openat-entry sp=fa880]
[sigsegv-mask how=1 ra=0x7DB9099ACD85]
[open-nocancel-entry sp=fa880]
[open-nocancel-postwd sp=fa880]
[openat-entry sp=fa880]
[launchd-MAIN sp=fa880]
[launchd-PREFLIGHT_OK sp=fa880]
[launchd-ROOTLESS_PREPARE_OK sp=fa880]
[sigsegv-mask how=1 ra=0x7DB9099ACD85]
[pc-entry sp=fa880]
[pc-nothreads sp=fa880]
[sigsegv-mask how=1 ra=0x7DB9099ACD85]
[sigsegv-mask how=1 ra=0x7DB9099ACD85]
[pc-entry sp=fa880]
[pc-nothreads sp=fa880]
[sigsegv-mask how=1 ra=0x7DB9099ACD85]
[sigsegv-mask how=1 ra=0x7DB9099ACD85]
[pc-entry sp=fa880]
[pc-nothreads sp=fa880]
[sigsegv-mask how=1 ra=0x7DB9099ACD85]
[launchd-STDIO_FDS_OK sp=fa880]
[launchd-MALLOC_BRANCH_DONE sp=fa880]
[launchd-GETOPT_DONE sp=fa880]
[launchd-PID_GUARD_DONE sp=fa880]
[pc-entry sp=fa880]
[pc-nothreads sp=fa880]
[machport-open] before-rpc
[srv-kthread-create #2 id=-1 nsid=4194307 pid=-1]
[kqchan-plane] status=0 token=0 fd=-1 out=0
[release-drops-pending] site=dserver-ring.c:2752
[kqchan-plane] descriptor-not-delivered after bounded retries; failing the call
[pc-entry sp=fa880]
[pc-nothreads sp=fa880]
[machport-open] after-rpc
[srv-kthread-create #3 id=-1 nsid=4194308 pid=-1]
[srv-kthread-create #4 id=-1 nsid=4194309 pid=-1]
Rootless shellspawn did not become ready within 30000ms (/proc/self/fd/7/shellspawn.sock)
waited 60s of at most 60s
[dwdiag-env prefix=/home/ilyagulya/work/wr-fresh/prefix-ring-a4dc mldr=c952d6498d91 libsystem_kernel.dylib=56a4d329edf8 dyld=32f3f3ea275c]
