[srv-kthread-create #0 id=-1 nsid=4194305 pid=-1]
[srv-kthread-create #1 id=-1 nsid=4194306 pid=-1]
[fd-courier-conn] sock=8 ino=5284769
[courier-send] n=1 scm=1 fdcnt=1 payload=24 direction=guest->server
[plane-doorbell] adopted=1048574 fd=9 stored_dup=10 token=2421484118713955068
[plane-doorbell] drain attempts=2 adopted=1
[srv-process-register #0 pid=3266758 callnum=1 nsid=1]
[srv-checkin pid=0 tid=3266758 present_before=3266758]
[srv-checkin #0 pid=3266758 tid=3266758 fork=0 page=1 ready=1]
[release-drops-pending] site=mldr.c:1347
[mldr-seed] attach pid=3266758 memfd=3 size=2816
[courier-send] n=2 scm=1 fdcnt=1 payload=24 direction=guest->server
[plane-wake] n=1 via=doorbell scm=0 fdcnt=0 payload=0 db=1048574
[srv-attach-dispatch] pid=3266758 seq=1 fd=21 token=15018308390347606794
[srv-lane-attach #0 pid=3266758 tid=3266758 slots=8 slot_size=128]
[plane-doorbell] adopted=1048574 fd=9 stored_dup=11 token=1972715361403435255
[mldr-seed] attach-rc pid=3266758 rc=0 reject=0 wake=11
[mldr-seed] doorbell-in pid=3266758 wake=11 mode=close
[mldr-seed] doorbell-out pid=3266758 fd=1048574
[mldr-seed] seeded pid=3266758 map=0x711f88c24000
[dring-adopt] pid=3266758 tid=3266758 registry=0x5FCE2A4134A0 slots=1024 found=1 gate=1 doorbell=1048574 regelfc=0x5FCE2A4134A0 slotelfc=1024
[dring-adopt] liveness pid=3266758 tid=3266758 map=0x711F88C24000 server_state=0 gen=1 creator_image=0x102 mode=2
[dring-adopt] pre-claim pid=3266758 pages=0x0 (a claim may mmap: an EMULATED syscall)
[dring-adopt] post-claim pid=3266758 ok
[sigexc-setup pid=3266758 tid=3266758 seq=1 libpage=0x711F88580000]
[open-nocancel-entry sp=2b880]
[open-nocancel-postwd sp=2b880]
[openat-entry sp=2b880]
[open-nocancel-entry sp=2b880]
[open-nocancel-postwd sp=2b880]
[openat-entry sp=2b880]
[open-nocancel-entry sp=2b880]
[open-nocancel-postwd sp=2b880]
[openat-entry sp=2b880]
[pc-entry sp=2b880]
[pc-nothreads sp=2b880]
[pc-entry sp=2b880]
[pc-nothreads sp=2b880]
[pc-entry sp=2b880]
[pc-nothreads sp=2b880]
[pc-entry sp=2b880]
[pc-nothreads sp=2b880]
[pc-entry sp=2b880]
[pc-nothreads sp=2b880]
[pc-entry sp=2b880]
[pc-nothreads sp=2b880]
[open-nocancel-entry sp=2b880]
[open-nocancel-postwd sp=2b880]
[openat-entry sp=2b880]
[pc-entry sp=2b880]
[pc-nothreads sp=2b880]
[pc-entry sp=2b880]
[pc-nothreads sp=2b880]
[pc-entry sp=2b880]
[pc-nothreads sp=2b880]
[pc-entry sp=2b880]
[pc-nothreads sp=2b880]
[pc-entry sp=2b880]
[pc-nothreads sp=2b880]
[pc-entry sp=2b880]
[pc-nothreads sp=2b880]
[open-nocancel-entry sp=2b880]
[open-nocancel-postwd sp=2b880]
[openat-entry sp=2b880]
[pc-entry sp=2b880]
[pc-nothreads sp=2b880]
[pc-entry sp=2b880]
[pc-nothreads sp=2b880]
[pc-entry sp=2b880]
[pc-nothreads sp=2b880]
[pc-entry sp=2b880]
[pc-nothreads sp=2b880]
[pc-entry sp=2b880]
[pc-nothreads sp=2b880]
[pc-entry sp=2b880]
[pc-nothreads sp=2b880]
[open-nocancel-entry sp=2b880]
[open-nocancel-postwd sp=2b880]
[openat-entry sp=2b880]
[pc-entry sp=2b880]
[pc-nothreads sp=2b880]
[pc-entry sp=2b880]
[pc-nothreads sp=2b880]
[pc-entry sp=2b880]
[pc-nothreads sp=2b880]
[pc-entry sp=2b880]
[pc-nothreads sp=2b880]
[pc-entry sp=2b880]
[pc-nothreads sp=2b880]
[pc-entry sp=2b880]
[pc-nothreads sp=2b880]
[pc-entry sp=2b880]
[pc-nothreads sp=2b880]
[open-nocancel-entry sp=2b880]
[open-nocancel-postwd sp=2b880]
[openat-entry sp=2b880]
[pc-entry sp=2b880]
[pc-nothreads sp=2b880]
[pc-entry sp=2b880]
[pc-nothreads sp=2b880]
[pc-entry sp=2b880]
[pc-nothreads sp=2b880]
[pc-entry sp=2b880]
[pc-nothreads sp=2b880]
[pc-entry sp=2b880]
[pc-nothreads sp=2b880]
[pc-entry sp=2b880]
[pc-nothreads sp=2b880]
[pc-entry sp=2b880]
[pc-nothreads sp=2b880]
[open-nocancel-entry sp=2b880]
[open-nocancel-postwd sp=2b880]
[openat-entry sp=2b880]
[pc-entry sp=2b880]
[pc-nothreads sp=2b880]
[pc-entry sp=2b880]
[pc-nothreads sp=2b880]
[pc-entry sp=2b880]
[pc-nothreads sp=2b880]
[pc-entry sp=2b880]
[pc-nothreads sp=2b880]
[pc-entry sp=2b880]
[pc-nothreads sp=2b880]
[pc-entry sp=2b880]
[pc-nothreads sp=2b880]
[pc-entry sp=2b880]
[pc-nothreads sp=2b880]
[open-nocancel-entry sp=2b880]
[open-nocancel-postwd sp=2b880]
[openat-entry sp=2b880]
[pc-entry sp=2b880]
[pc-nothreads sp=2b880]
[pc-entry sp=2b880]
[pc-nothreads sp=2b880]
[pc-entry sp=2b880]
[pc-nothreads sp=2b880]
[pc-entry sp=2b880]
[pc-nothreads sp=2b880]
[pc-entry sp=2b880]
[pc-nothreads sp=2b880]
[pc-entry sp=2b880]
[pc-nothreads sp=2b880]
[pc-entry sp=2b880]
[pc-nothreads sp=2b880]
[open-nocancel-entry sp=2b880]
[open-nocancel-postwd sp=2b880]
[openat-entry sp=2b880]
[pc-entry sp=2b880]
[pc-nothreads sp=2b880]
[pc-entry sp=2b880]
[pc-nothreads sp=2b880]
[pc-entry sp=2b880]
[pc-nothreads sp=2b880]
[pc-entry sp=2b880]
[pc-nothreads sp=2b880]
[pc-entry sp=2b880]
[pc-nothreads sp=2b880]
[pc-entry sp=2b880]
[pc-nothreads sp=2b880]
[open-nocancel-entry sp=2b880]
[open-nocancel-postwd sp=2b880]
[openat-entry sp=2b880]
[pc-entry sp=2b880]
[pc-nothreads sp=2b880]
[pc-entry sp=2b880]
[pc-nothreads sp=2b880]
[pc-entry sp=2b880]
[pc-nothreads sp=2b880]
[pc-entry sp=2b880]
[pc-nothreads sp=2b880]
[pc-entry sp=2b880]
[pc-nothreads sp=2b880]
[pc-entry sp=2b880]
[pc-nothreads sp=2b880]
[pc-entry sp=2b880]
[pc-nothreads sp=2b880]
[open-nocancel-entry sp=2b880]
[open-nocancel-postwd sp=2b880]
[openat-entry sp=2b880]
[pc-entry sp=2b880]
[pc-nothreads sp=2b880]
[pc-entry sp=2b880]
[pc-nothreads sp=2b880]
[pc-entry sp=2b880]
[pc-nothreads sp=2b880]
[pc-entry sp=2b880]
[pc-nothreads sp=2b880]
[pc-entry sp=2b880]
[pc-nothreads sp=2b880]
[pc-entry sp=2b880]
[pc-nothreads sp=2b880]
[open-nocancel-entry sp=2b880]
[open-nocancel-postwd sp=2b880]
[openat-entry sp=2b880]
[pc-entry sp=2b880]
[pc-nothreads sp=2b880]
[pc-entry sp=2b880]
[pc-nothreads sp=2b880]
[pc-entry sp=2b880]
[pc-nothreads sp=2b880]
[pc-entry sp=2b880]
[pc-nothreads sp=2b880]
[pc-entry sp=2b880]
[pc-nothreads sp=2b880]
[pc-entry sp=2b880]
[pc-nothreads sp=2b880]
[open-nocancel-entry sp=2b880]
[open-nocancel-postwd sp=2b880]
[openat-entry sp=2b880]
[pc-entry sp=2b880]
[pc-nothreads sp=2b880]
[pc-entry sp=2b880]
[pc-nothreads sp=2b880]
[pc-entry sp=2b880]
[pc-nothreads sp=2b880]
[pc-entry sp=2b880]
[pc-nothreads sp=2b880]
[pc-entry sp=2b880]
[pc-nothreads sp=2b880]
[pc-entry sp=2b880]
[pc-nothreads sp=2b880]
[open-nocancel-entry sp=2b880]
[open-nocancel-postwd sp=2b880]
[openat-entry sp=2b880]
[pc-entry sp=2b880]
[pc-nothreads sp=2b880]
[pc-entry sp=2b880]
[pc-nothreads sp=2b880]
[pc-entry sp=2b880]
[pc-nothreads sp=2b880]
[pc-entry sp=2b880]
[pc-nothreads sp=2b880]
[pc-entry sp=2b880]
[pc-nothreads sp=2b880]
[pc-entry sp=2b880]
[pc-nothreads sp=2b880]
[open-nocancel-entry sp=2b880]
[open-nocancel-postwd sp=2b880]
[openat-entry sp=2b880]
[pc-entry sp=2b880]
[pc-nothreads sp=2b880]
[pc-entry sp=2b880]
[pc-nothreads sp=2b880]
[pc-entry sp=2b880]
[pc-nothreads sp=2b880]
[pc-entry sp=2b880]
[pc-nothreads sp=2b880]
[pc-entry sp=2b880]
[pc-nothreads sp=2b880]
[pc-entry sp=2b880]
[pc-nothreads sp=2b880]
[pc-entry sp=2b880]
[pc-nothreads sp=2b880]
[open-nocancel-entry sp=2b880]
[open-nocancel-postwd sp=2b880]
[openat-entry sp=2b880]
[pc-entry sp=2b880]
[pc-nothreads sp=2b880]
[pc-entry sp=2b880]
[pc-nothreads sp=2b880]
[pc-entry sp=2b880]
[pc-nothreads sp=2b880]
[pc-entry sp=2b880]
[pc-nothreads sp=2b880]
[pc-entry sp=2b880]
[pc-nothreads sp=2b880]
[pc-entry sp=2b880]
[pc-nothreads sp=2b880]
[pc-entry sp=2b880]
[pc-nothreads sp=2b880]
[open-nocancel-entry sp=2b880]
[open-nocancel-postwd sp=2b880]
[openat-entry sp=2b880]
[pc-entry sp=2b880]
[pc-nothreads sp=2b880]
[pc-entry sp=2b880]
[pc-nothreads sp=2b880]
[pc-entry sp=2b880]
[pc-nothreads sp=2b880]
[pc-entry sp=2b880]
[pc-nothreads sp=2b880]
[pc-entry sp=2b880]
[pc-nothreads sp=2b880]
[pc-entry sp=2b880]
[pc-nothreads sp=2b880]
[pc-entry sp=2b880]
[pc-nothreads sp=2b880]
[open-nocancel-entry sp=2b880]
[open-nocancel-postwd sp=2b880]
[openat-entry sp=2b880]
[pc-entry sp=2b880]
[pc-nothreads sp=2b880]
[pc-entry sp=2b880]
[pc-nothreads sp=2b880]
[pc-entry sp=2b880]
[pc-nothreads sp=2b880]
[pc-entry sp=2b880]
[pc-nothreads sp=2b880]
[pc-entry sp=2b880]
[pc-nothreads sp=2b880]
[pc-entry sp=2b880]
[pc-nothreads sp=2b880]
[open-nocancel-entry sp=2b880]
[open-nocancel-postwd sp=2b880]
[openat-entry sp=2b880]
[pc-entry sp=2b880]
[pc-nothreads sp=2b880]
[pc-entry sp=2b880]
[pc-nothreads sp=2b880]
[pc-entry sp=2b880]
[pc-nothreads sp=2b880]
[pc-entry sp=2b880]
[pc-nothreads sp=2b880]
[pc-entry sp=2b880]
[pc-nothreads sp=2b880]
[pc-entry sp=2b880]
[pc-nothreads sp=2b880]
[open-nocancel-entry sp=2b880]
[open-nocancel-postwd sp=2b880]
[openat-entry sp=2b880]
[pc-entry sp=2b880]
[pc-nothreads sp=2b880]
[pc-entry sp=2b880]
[pc-nothreads sp=2b880]
[pc-entry sp=2b880]
[pc-nothreads sp=2b880]
[pc-entry sp=2b880]
[pc-nothreads sp=2b880]
[pc-entry sp=2b880]
[pc-nothreads sp=2b880]
[pc-entry sp=2b880]
[pc-nothreads sp=2b880]
[open-nocancel-entry sp=2b880]
[open-nocancel-postwd sp=2b880]
[openat-entry sp=2b880]
[pc-entry sp=2b880]
[pc-nothreads sp=2b880]
[pc-entry sp=2b880]
[pc-nothreads sp=2b880]
[pc-entry sp=2b880]
[pc-nothreads sp=2b880]
[pc-entry sp=2b880]
[pc-nothreads sp=2b880]
[pc-entry sp=2b880]
[pc-nothreads sp=2b880]
[pc-entry sp=2b880]
[pc-nothreads sp=2b880]
[open-nocancel-entry sp=2b880]
[open-nocancel-postwd sp=2b880]
[openat-entry sp=2b880]
[pc-entry sp=2b880]
[pc-nothreads sp=2b880]
[pc-entry sp=2b880]
[pc-nothreads sp=2b880]
[pc-entry sp=2b880]
[pc-nothreads sp=2b880]
[pc-entry sp=2b880]
[pc-nothreads sp=2b880]
[pc-entry sp=2b880]
[pc-nothreads sp=2b880]
[pc-entry sp=2b880]
[pc-nothreads sp=2b880]
[open-nocancel-entry sp=2b880]
[open-nocancel-postwd sp=2b880]
[openat-entry sp=2b880]
[pc-entry sp=2b880]
[pc-nothreads sp=2b880]
[pc-entry sp=2b880]
[pc-nothreads sp=2b880]
[pc-entry sp=2b880]
[pc-nothreads sp=2b880]
[pc-entry sp=2b880]
[pc-nothreads sp=2b880]
[pc-entry sp=2b880]
[pc-nothreads sp=2b880]
[pc-entry sp=2b880]
[pc-nothreads sp=2b880]
[open-nocancel-entry sp=2b880]
[open-nocancel-postwd sp=2b880]
[openat-entry sp=2b880]
[pc-entry sp=2b880]
[pc-nothreads sp=2b880]
[pc-entry sp=2b880]
[pc-nothreads sp=2b880]
[pc-entry sp=2b880]
[pc-nothreads sp=2b880]
[pc-entry sp=2b880]
[pc-nothreads sp=2b880]
[pc-entry sp=2b880]
[pc-nothreads sp=2b880]
[pc-entry sp=2b880]
[pc-nothreads sp=2b880]
[pc-entry sp=2b880]
[pc-nothreads sp=2b880]
[open-nocancel-entry sp=2b880]
[open-nocancel-postwd sp=2b880]
[openat-entry sp=2b880]
[pc-entry sp=2b880]
[pc-nothreads sp=2b880]
[pc-entry sp=2b880]
[pc-nothreads sp=2b880]
[pc-entry sp=2b880]
[pc-nothreads sp=2b880]
[pc-entry sp=2b880]
[pc-nothreads sp=2b880]
[pc-entry sp=2b880]
[pc-nothreads sp=2b880]
[pc-entry sp=2b880]
[pc-nothreads sp=2b880]
[open-nocancel-entry sp=2b880]
[open-nocancel-postwd sp=2b880]
[openat-entry sp=2b880]
[pc-entry sp=2b880]
[pc-nothreads sp=2b880]
[pc-entry sp=2b880]
[pc-nothreads sp=2b880]
[pc-entry sp=2b880]
[pc-nothreads sp=2b880]
[pc-entry sp=2b880]
[pc-nothreads sp=2b880]
[pc-entry sp=2b880]
[pc-nothreads sp=2b880]
[pc-entry sp=2b880]
[pc-nothreads sp=2b880]
[open-nocancel-entry sp=2b880]
[open-nocancel-postwd sp=2b880]
[openat-entry sp=2b880]
[pc-entry sp=2b880]
[pc-nothreads sp=2b880]
[pc-entry sp=2b880]
[pc-nothreads sp=2b880]
[pc-entry sp=2b880]
[pc-nothreads sp=2b880]
[pc-entry sp=2b880]
[pc-nothreads sp=2b880]
[pc-entry sp=2b880]
[pc-nothreads sp=2b880]
[pc-entry sp=2b880]
[pc-nothreads sp=2b880]
[pc-entry sp=2b880]
[pc-nothreads sp=2b880]
[open-nocancel-entry sp=2b880]
[open-nocancel-postwd sp=2b880]
[openat-entry sp=2b880]
[pc-entry sp=2b880]
[pc-nothreads sp=2b880]
[pc-entry sp=2b880]
[pc-nothreads sp=2b880]
[pc-entry sp=2b880]
[pc-nothreads sp=2b880]
[pc-entry sp=2b880]
[pc-nothreads sp=2b880]
[pc-entry sp=2b880]
[pc-nothreads sp=2b880]
[pc-entry sp=2b880]
[pc-nothreads sp=2b880]
[open-nocancel-entry sp=2b880]
[open-nocancel-postwd sp=2b880]
[openat-entry sp=2b880]
[pc-entry sp=2b880]
[pc-nothreads sp=2b880]
[pc-entry sp=2b880]
[pc-nothreads sp=2b880]
[pc-entry sp=2b880]
[pc-nothreads sp=2b880]
[pc-entry sp=2b880]
[pc-nothreads sp=2b880]
[pc-entry sp=2b880]
[pc-nothreads sp=2b880]
[pc-entry sp=2b880]
[pc-nothreads sp=2b880]
[open-nocancel-entry sp=2b880]
[open-nocancel-postwd sp=2b880]
[openat-entry sp=2b880]
[pc-entry sp=2b880]
[pc-nothreads sp=2b880]
[pc-entry sp=2b880]
[pc-nothreads sp=2b880]
[pc-entry sp=2b880]
[pc-nothreads sp=2b880]
[pc-entry sp=2b880]
[pc-nothreads sp=2b880]
[pc-entry sp=2b880]
[pc-nothreads sp=2b880]
[pc-entry sp=2b880]
[pc-nothreads sp=2b880]
[open-nocancel-entry sp=2b880]
[open-nocancel-postwd sp=2b880]
[openat-entry sp=2b880]
[pc-entry sp=2b880]
[pc-nothreads sp=2b880]
[pc-entry sp=2b880]
[pc-nothreads sp=2b880]
[pc-entry sp=2b880]
[pc-nothreads sp=2b880]
[pc-entry sp=2b880]
[pc-nothreads sp=2b880]
[pc-entry sp=2b880]
[pc-nothreads sp=2b880]
[pc-entry sp=2b880]
[pc-nothreads sp=2b880]
[open-nocancel-entry sp=2b880]
[open-nocancel-postwd sp=2b880]
[openat-entry sp=2b880]
[pc-entry sp=2b880]
[pc-nothreads sp=2b880]
[pc-entry sp=2b880]
[pc-nothreads sp=2b880]
[pc-entry sp=2b880]
[pc-nothreads sp=2b880]
[pc-entry sp=2b880]
[pc-nothreads sp=2b880]
[pc-entry sp=2b880]
[pc-nothreads sp=2b880]
[pc-entry sp=2b880]
[pc-nothreads sp=2b880]
[open-nocancel-entry sp=2b880]
[open-nocancel-postwd sp=2b880]
[openat-entry sp=2b880]
[pc-entry sp=2b880]
[pc-nothreads sp=2b880]
[pc-entry sp=2b880]
[pc-nothreads sp=2b880]
[pc-entry sp=2b880]
[pc-nothreads sp=2b880]
[pc-entry sp=2b880]
[pc-nothreads sp=2b880]
[pc-entry sp=2b880]
[pc-nothreads sp=2b880]
[pc-entry sp=2b880]
[pc-nothreads sp=2b880]
[pc-entry sp=2b880]
[pc-nothreads sp=2b880]
[open-nocancel-entry sp=2b880]
[open-nocancel-postwd sp=2b880]
[openat-entry sp=2b880]
[pc-entry sp=2b880]
[pc-nothreads sp=2b880]
[pc-entry sp=2b880]
[pc-nothreads sp=2b880]
[pc-entry sp=2b880]
[pc-nothreads sp=2b880]
[pc-entry sp=2b880]
[pc-nothreads sp=2b880]
[pc-entry sp=2b880]
[pc-nothreads sp=2b880]
[pc-entry sp=2b880]
[pc-nothreads sp=2b880]
[open-nocancel-entry sp=2b880]
[open-nocancel-postwd sp=2b880]
[openat-entry sp=2b880]
[pc-entry sp=2b880]
[pc-nothreads sp=2b880]
[pc-entry sp=2b880]
[pc-nothreads sp=2b880]
[pc-entry sp=2b880]
[pc-nothreads sp=2b880]
[pc-entry sp=2b880]
[pc-nothreads sp=2b880]
[pc-entry sp=2b880]
[pc-nothreads sp=2b880]
[pc-entry sp=2b880]
[pc-nothreads sp=2b880]
[pc-entry sp=2b880]
[pc-nothreads sp=2b880]
[open-nocancel-entry sp=2b880]
[open-nocancel-postwd sp=2b880]
[openat-entry sp=2b880]
[pc-entry sp=2b880]
[pc-nothreads sp=2b880]
[pc-entry sp=2b880]
[pc-nothreads sp=2b880]
[pc-entry sp=2b880]
[pc-nothreads sp=2b880]
[pc-entry sp=2b880]
[pc-nothreads sp=2b880]
[pc-entry sp=2b880]
[pc-nothreads sp=2b880]
[pc-entry sp=2b880]
[pc-nothreads sp=2b880]
[pc-entry sp=2b880]
[pc-nothreads sp=2b880]
[open-nocancel-entry sp=2b880]
[open-nocancel-postwd sp=2b880]
[openat-entry sp=2b880]
[pc-entry sp=2b880]
[pc-nothreads sp=2b880]
[pc-entry sp=2b880]
[pc-nothreads sp=2b880]
[pc-entry sp=2b880]
[pc-nothreads sp=2b880]
[pc-entry sp=2b880]
[pc-nothreads sp=2b880]
[pc-entry sp=2b880]
[pc-nothreads sp=2b880]
[pc-entry sp=2b880]
[pc-nothreads sp=2b880]
[open-nocancel-entry sp=2b880]
[open-nocancel-postwd sp=2b880]
[openat-entry sp=2b880]
[pc-entry sp=2b880]
[pc-nothreads sp=2b880]
[pc-entry sp=2b880]
[pc-nothreads sp=2b880]
[pc-entry sp=2b880]
[pc-nothreads sp=2b880]
[pc-entry sp=2b880]
[pc-nothreads sp=2b880]
[pc-entry sp=2b880]
[pc-nothreads sp=2b880]
[pc-entry sp=2b880]
[pc-nothreads sp=2b880]
[open-nocancel-entry sp=2b880]
[open-nocancel-postwd sp=2b880]
[openat-entry sp=2b880]
[pc-entry sp=2b880]
[pc-nothreads sp=2b880]
[pc-entry sp=2b880]
[pc-nothreads sp=2b880]
[pc-entry sp=2b880]
[pc-nothreads sp=2b880]
[pc-entry sp=2b880]
[pc-nothreads sp=2b880]
[pc-entry sp=2b880]
[pc-nothreads sp=2b880]
[pc-entry sp=2b880]
[pc-nothreads sp=2b880]
[pc-entry sp=2b880]
[pc-nothreads sp=2b880]
[sigsegv-mask how=1 ra=0x711F88022D85]
[dring-adopt] pid=3266758 tid=3266758 registry=0x5FCE2A4134A0 slots=1024 found=1 gate=1 doorbell=1048574 regelfc=0x5FCE2A4134A0 slotelfc=1024
[dring-adopt] liveness pid=3266758 tid=3266758 map=0x711F88C24000 server_state=0 gen=1 creator_image=0x102 mode=2
[dring-adopt] pre-claim pid=3266758 pages=0x0 (a claim may mmap: an EMULATED syscall)
[dring-adopt] post-claim pid=3266758 ok
[sigexc-setup pid=3266758 tid=3266758 seq=1 libpage=0x711F880A0000]
[reg pid=3266758 tsd_offset=224 pthsize=8192 dispatch=160 rtk=40 mts=24]
[open-nocancel-entry sp=2b880]
[open-nocancel-postwd sp=2b880]
[openat-entry sp=2b880]
[sigsegv-mask how=1 ra=0x711F88022D85]
[open-nocancel-entry sp=2b880]
[open-nocancel-postwd sp=2b880]
[openat-entry sp=2b880]
[open-entry sp=2b880]
[pc-entry sp=2b880]
[pc-nothreads sp=2b880]
[open-postcancel sp=2b880]
[open-postwd sp=2b880]
[open-path /proc/self/fd/6]
[openat-entry sp=2b880]
[pc-entry sp=2b880]
[pc-nothreads sp=2b880]
[sigsegv-mask how=1 ra=0x711F88022D85]
[open-entry sp=2b880]
[pc-entry sp=2b880]
[pc-nothreads sp=2b880]
[open-postcancel sp=2b880]
[open-postwd sp=2b880]
[open-path /sbin/launchd]
[openat-entry sp=2b880]
[pc-entry sp=2b880]
[pc-nothreads sp=2b880]
[fd-courier-conn] sock=8 ino=5284778
[courier-send] n=1 scm=1 fdcnt=1 payload=24 direction=guest->server
[plane-doorbell] adopted=1048574 fd=9 stored_dup=11 token=2493405640398837897
[plane-doorbell] drain attempts=2 adopted=1
[srv-checkin pid=1 tid=3266758 present_before=3266758]
[srv-checkin #1 pid=3266758 tid=3266758 fork=0 page=1 ready=1]
[release-drops-pending] site=mldr.c:1347
[release-drops-pending] site=mldr.c:1347
[release-drops-pending] site=mldr.c:1347
[mldr-seed] attach pid=3266758 memfd=3 size=2816
[courier-send] n=2 scm=1 fdcnt=1 payload=24 direction=guest->server
[plane-wake] n=1 via=doorbell scm=0 fdcnt=0 payload=0 db=1048574
[srv-attach-dispatch] pid=3266758 seq=1 fd=15 token=17292605471088257095
[srv-lane-attach #1 pid=3266758 tid=3266758 slots=8 slot_size=128]
[plane-doorbell] adopted=1048574 fd=9 stored_dup=12 token=4089535550746661510
[plane-doorbell] adopted=1048574 fd=9 stored_dup=13 token=1020463703501214911
[mldr-seed] attach-rc pid=3266758 rc=0 reject=0 wake=13
[mldr-seed] doorbell-in pid=3266758 wake=13 mode=close
[mldr-seed] doorbell-out pid=3266758 fd=1048574
[mldr-seed] seeded pid=3266758 map=0x7c74f40c5000
[dring-adopt] pid=3266758 tid=3266758 registry=0x5D1123FBA4A0 slots=1024 found=1 gate=1 doorbell=1048574 regelfc=0x5D1123FBA4A0 slotelfc=1024
[dring-adopt] liveness pid=3266758 tid=3266758 map=0x7C74F40C5000 server_state=0 gen=1 creator_image=0x102 mode=2
[dring-adopt] pre-claim pid=3266758 pages=0x0 (a claim may mmap: an EMULATED syscall)
[dring-adopt] post-claim pid=3266758 ok
[sigexc-setup pid=3266758 tid=3266758 seq=1 libpage=0x7C74F3980000]
[open-nocancel-entry sp=cc880]
[open-nocancel-postwd sp=cc880]
[openat-entry sp=cc880]
[open-nocancel-entry sp=cc880]
[open-nocancel-postwd sp=cc880]
[openat-entry sp=cc880]
[open-nocancel-entry sp=cc880]
[open-nocancel-postwd sp=cc880]
[openat-entry sp=cc880]
[pc-entry sp=cc880]
[pc-nothreads sp=cc880]
[pc-entry sp=cc880]
[pc-nothreads sp=cc880]
[pc-entry sp=cc880]
[pc-nothreads sp=cc880]
[pc-entry sp=cc880]
[pc-nothreads sp=cc880]
[pc-entry sp=cc880]
[pc-nothreads sp=cc880]
[open-nocancel-entry sp=cc880]
[open-nocancel-postwd sp=cc880]
[openat-entry sp=cc880]
[pc-entry sp=cc880]
[pc-nothreads sp=cc880]
[pc-entry sp=cc880]
[pc-nothreads sp=cc880]
[pc-entry sp=cc880]
[pc-nothreads sp=cc880]
[pc-entry sp=cc880]
[pc-nothreads sp=cc880]
[pc-entry sp=cc880]
[pc-nothreads sp=cc880]
[open-nocancel-entry sp=cc880]
[open-nocancel-postwd sp=cc880]
[openat-entry sp=cc880]
[pc-entry sp=cc880]
[pc-nothreads sp=cc880]
[pc-entry sp=cc880]
[pc-nothreads sp=cc880]
[pc-entry sp=cc880]
[pc-nothreads sp=cc880]
[pc-entry sp=cc880]
[pc-nothreads sp=cc880]
[pc-entry sp=cc880]
[pc-nothreads sp=cc880]
[open-nocancel-entry sp=cc880]
[open-nocancel-postwd sp=cc880]
[openat-entry sp=cc880]
[pc-entry sp=cc880]
[pc-nothreads sp=cc880]
[pc-entry sp=cc880]
[pc-nothreads sp=cc880]
[pc-entry sp=cc880]
[pc-nothreads sp=cc880]
[pc-entry sp=cc880]
[pc-nothreads sp=cc880]
[pc-entry sp=cc880]
[pc-nothreads sp=cc880]
[open-nocancel-entry sp=cc880]
[open-nocancel-postwd sp=cc880]
[openat-entry sp=cc880]
[pc-entry sp=cc880]
[pc-nothreads sp=cc880]
[pc-entry sp=cc880]
[pc-nothreads sp=cc880]
[pc-entry sp=cc880]
[pc-nothreads sp=cc880]
[pc-entry sp=cc880]
[pc-nothreads sp=cc880]
[pc-entry sp=cc880]
[pc-nothreads sp=cc880]
[pc-entry sp=cc880]
[pc-nothreads sp=cc880]
[open-nocancel-entry sp=cc880]
[open-nocancel-postwd sp=cc880]
[openat-entry sp=cc880]
[pc-entry sp=cc880]
[pc-nothreads sp=cc880]
[pc-entry sp=cc880]
[pc-nothreads sp=cc880]
[pc-entry sp=cc880]
[pc-nothreads sp=cc880]
[pc-entry sp=cc880]
[pc-nothreads sp=cc880]
[pc-entry sp=cc880]
[pc-nothreads sp=cc880]
[pc-entry sp=cc880]
[pc-nothreads sp=cc880]
[open-nocancel-entry sp=cc880]
[open-nocancel-postwd sp=cc880]
[openat-entry sp=cc880]
[pc-entry sp=cc880]
[pc-nothreads sp=cc880]
[pc-entry sp=cc880]
[pc-nothreads sp=cc880]
[pc-entry sp=cc880]
[pc-nothreads sp=cc880]
[pc-entry sp=cc880]
[pc-nothreads sp=cc880]
[pc-entry sp=cc880]
[pc-nothreads sp=cc880]
[pc-entry sp=cc880]
[pc-nothreads sp=cc880]
[open-nocancel-entry sp=cc880]
[open-nocancel-postwd sp=cc880]
[openat-entry sp=cc880]
[pc-entry sp=cc880]
[pc-nothreads sp=cc880]
[pc-entry sp=cc880]
[pc-nothreads sp=cc880]
[pc-entry sp=cc880]
[pc-nothreads sp=cc880]
[pc-entry sp=cc880]
[pc-nothreads sp=cc880]
[pc-entry sp=cc880]
[pc-nothreads sp=cc880]
[pc-entry sp=cc880]
[pc-nothreads sp=cc880]
[open-nocancel-entry sp=cc880]
[open-nocancel-postwd sp=cc880]
[openat-entry sp=cc880]
[pc-entry sp=cc880]
[pc-nothreads sp=cc880]
[pc-entry sp=cc880]
[pc-nothreads sp=cc880]
[pc-entry sp=cc880]
[pc-nothreads sp=cc880]
[pc-entry sp=cc880]
[pc-nothreads sp=cc880]
[pc-entry sp=cc880]
[pc-nothreads sp=cc880]
[open-nocancel-entry sp=cc880]
[open-nocancel-postwd sp=cc880]
[openat-entry sp=cc880]
[pc-entry sp=cc880]
[pc-nothreads sp=cc880]
[pc-entry sp=cc880]
[pc-nothreads sp=cc880]
[pc-entry sp=cc880]
[pc-nothreads sp=cc880]
[pc-entry sp=cc880]
[pc-nothreads sp=cc880]
[pc-entry sp=cc880]
[pc-nothreads sp=cc880]
[pc-entry sp=cc880]
[pc-nothreads sp=cc880]
[open-nocancel-entry sp=cc880]
[open-nocancel-postwd sp=cc880]
[openat-entry sp=cc880]
[pc-entry sp=cc880]
[pc-nothreads sp=cc880]
[pc-entry sp=cc880]
[pc-nothreads sp=cc880]
[pc-entry sp=cc880]
[pc-nothreads sp=cc880]
[pc-entry sp=cc880]
[pc-nothreads sp=cc880]
[pc-entry sp=cc880]
[pc-nothreads sp=cc880]
[open-nocancel-entry sp=cc880]
[open-nocancel-postwd sp=cc880]
[openat-entry sp=cc880]
[pc-entry sp=cc880]
[pc-nothreads sp=cc880]
[pc-entry sp=cc880]
[pc-nothreads sp=cc880]
[pc-entry sp=cc880]
[pc-nothreads sp=cc880]
[pc-entry sp=cc880]
[pc-nothreads sp=cc880]
[pc-entry sp=cc880]
[pc-nothreads sp=cc880]
[open-nocancel-entry sp=cc880]
[open-nocancel-postwd sp=cc880]
[openat-entry sp=cc880]
[pc-entry sp=cc880]
[pc-nothreads sp=cc880]
[pc-entry sp=cc880]
[pc-nothreads sp=cc880]
[pc-entry sp=cc880]
[pc-nothreads sp=cc880]
[pc-entry sp=cc880]
[pc-nothreads sp=cc880]
[pc-entry sp=cc880]
[pc-nothreads sp=cc880]
[open-nocancel-entry sp=cc880]
[open-nocancel-postwd sp=cc880]
[openat-entry sp=cc880]
[pc-entry sp=cc880]
[pc-nothreads sp=cc880]
[pc-entry sp=cc880]
[pc-nothreads sp=cc880]
[pc-entry sp=cc880]
[pc-nothreads sp=cc880]
[pc-entry sp=cc880]
[pc-nothreads sp=cc880]
[pc-entry sp=cc880]
[pc-nothreads sp=cc880]
[open-nocancel-entry sp=cc880]
[open-nocancel-postwd sp=cc880]
[openat-entry sp=cc880]
[pc-entry sp=cc880]
[pc-nothreads sp=cc880]
[pc-entry sp=cc880]
[pc-nothreads sp=cc880]
[pc-entry sp=cc880]
[pc-nothreads sp=cc880]
[pc-entry sp=cc880]
[pc-nothreads sp=cc880]
[pc-entry sp=cc880]
[pc-nothreads sp=cc880]
[pc-entry sp=cc880]
[pc-nothreads sp=cc880]
[open-nocancel-entry sp=cc880]
[open-nocancel-postwd sp=cc880]
[openat-entry sp=cc880]
[pc-entry sp=cc880]
[pc-nothreads sp=cc880]
[pc-entry sp=cc880]
[pc-nothreads sp=cc880]
[pc-entry sp=cc880]
[pc-nothreads sp=cc880]
[pc-entry sp=cc880]
[pc-nothreads sp=cc880]
[pc-entry sp=cc880]
[pc-nothreads sp=cc880]
[pc-entry sp=cc880]
[pc-nothreads sp=cc880]
[open-nocancel-entry sp=cc880]
[open-nocancel-postwd sp=cc880]
[openat-entry sp=cc880]
[pc-entry sp=cc880]
[pc-nothreads sp=cc880]
[pc-entry sp=cc880]
[pc-nothreads sp=cc880]
[pc-entry sp=cc880]
[pc-nothreads sp=cc880]
[pc-entry sp=cc880]
[pc-nothreads sp=cc880]
[pc-entry sp=cc880]
[pc-nothreads sp=cc880]
[pc-entry sp=cc880]
[pc-nothreads sp=cc880]
[open-nocancel-entry sp=cc880]
[open-nocancel-postwd sp=cc880]
[openat-entry sp=cc880]
[pc-entry sp=cc880]
[pc-nothreads sp=cc880]
[pc-entry sp=cc880]
[pc-nothreads sp=cc880]
[pc-entry sp=cc880]
[pc-nothreads sp=cc880]
[pc-entry sp=cc880]
[pc-nothreads sp=cc880]
[pc-entry sp=cc880]
[pc-nothreads sp=cc880]
[open-nocancel-entry sp=cc880]
[open-nocancel-postwd sp=cc880]
[openat-entry sp=cc880]
[pc-entry sp=cc880]
[pc-nothreads sp=cc880]
[pc-entry sp=cc880]
[pc-nothreads sp=cc880]
[pc-entry sp=cc880]
[pc-nothreads sp=cc880]
[pc-entry sp=cc880]
[pc-nothreads sp=cc880]
[pc-entry sp=cc880]
[pc-nothreads sp=cc880]
[open-nocancel-entry sp=cc880]
[open-nocancel-postwd sp=cc880]
[openat-entry sp=cc880]
[pc-entry sp=cc880]
[pc-nothreads sp=cc880]
[pc-entry sp=cc880]
[pc-nothreads sp=cc880]
[pc-entry sp=cc880]
[pc-nothreads sp=cc880]
[pc-entry sp=cc880]
[pc-nothreads sp=cc880]
[pc-entry sp=cc880]
[pc-nothreads sp=cc880]
[open-nocancel-entry sp=cc880]
[open-nocancel-postwd sp=cc880]
[openat-entry sp=cc880]
[pc-entry sp=cc880]
[pc-nothreads sp=cc880]
[pc-entry sp=cc880]
[pc-nothreads sp=cc880]
[pc-entry sp=cc880]
[pc-nothreads sp=cc880]
[pc-entry sp=cc880]
[pc-nothreads sp=cc880]
[pc-entry sp=cc880]
[pc-nothreads sp=cc880]
[open-nocancel-entry sp=cc880]
[open-nocancel-postwd sp=cc880]
[openat-entry sp=cc880]
[pc-entry sp=cc880]
[pc-nothreads sp=cc880]
[pc-entry sp=cc880]
[pc-nothreads sp=cc880]
[pc-entry sp=cc880]
[pc-nothreads sp=cc880]
[pc-entry sp=cc880]
[pc-nothreads sp=cc880]
[pc-entry sp=cc880]
[pc-nothreads sp=cc880]
[open-nocancel-entry sp=cc880]
[open-nocancel-postwd sp=cc880]
[openat-entry sp=cc880]
[pc-entry sp=cc880]
[pc-nothreads sp=cc880]
[pc-entry sp=cc880]
[pc-nothreads sp=cc880]
[pc-entry sp=cc880]
[pc-nothreads sp=cc880]
[pc-entry sp=cc880]
[pc-nothreads sp=cc880]
[pc-entry sp=cc880]
[pc-nothreads sp=cc880]
[open-nocancel-entry sp=cc880]
[open-nocancel-postwd sp=cc880]
[openat-entry sp=cc880]
[pc-entry sp=cc880]
[pc-nothreads sp=cc880]
[pc-entry sp=cc880]
[pc-nothreads sp=cc880]
[pc-entry sp=cc880]
[pc-nothreads sp=cc880]
[pc-entry sp=cc880]
[pc-nothreads sp=cc880]
[pc-entry sp=cc880]
[pc-nothreads sp=cc880]
[pc-entry sp=cc880]
[pc-nothreads sp=cc880]
[open-nocancel-entry sp=cc880]
[open-nocancel-postwd sp=cc880]
[openat-entry sp=cc880]
[pc-entry sp=cc880]
[pc-nothreads sp=cc880]
[pc-entry sp=cc880]
[pc-nothreads sp=cc880]
[pc-entry sp=cc880]
[pc-nothreads sp=cc880]
[pc-entry sp=cc880]
[pc-nothreads sp=cc880]
[pc-entry sp=cc880]
[pc-nothreads sp=cc880]
[open-nocancel-entry sp=cc880]
[open-nocancel-postwd sp=cc880]
[openat-entry sp=cc880]
[pc-entry sp=cc880]
[pc-nothreads sp=cc880]
[pc-entry sp=cc880]
[pc-nothreads sp=cc880]
[pc-entry sp=cc880]
[pc-nothreads sp=cc880]
[pc-entry sp=cc880]
[pc-nothreads sp=cc880]
[pc-entry sp=cc880]
[pc-nothreads sp=cc880]
[open-nocancel-entry sp=cc880]
[open-nocancel-postwd sp=cc880]
[openat-entry sp=cc880]
[pc-entry sp=cc880]
[pc-nothreads sp=cc880]
[pc-entry sp=cc880]
[pc-nothreads sp=cc880]
[pc-entry sp=cc880]
[pc-nothreads sp=cc880]
[pc-entry sp=cc880]
[pc-nothreads sp=cc880]
[pc-entry sp=cc880]
[pc-nothreads sp=cc880]
[pc-entry sp=cc880]
[pc-nothreads sp=cc880]
[open-nocancel-entry sp=cc880]
[open-nocancel-postwd sp=cc880]
[openat-entry sp=cc880]
[pc-entry sp=cc880]
[pc-nothreads sp=cc880]
[pc-entry sp=cc880]
[pc-nothreads sp=cc880]
[pc-entry sp=cc880]
[pc-nothreads sp=cc880]
[pc-entry sp=cc880]
[pc-nothreads sp=cc880]
[pc-entry sp=cc880]
[pc-nothreads sp=cc880]
[open-nocancel-entry sp=cc880]
[open-nocancel-postwd sp=cc880]
[openat-entry sp=cc880]
[pc-entry sp=cc880]
[pc-nothreads sp=cc880]
[pc-entry sp=cc880]
[pc-nothreads sp=cc880]
[pc-entry sp=cc880]
[pc-nothreads sp=cc880]
[pc-entry sp=cc880]
[pc-nothreads sp=cc880]
[pc-entry sp=cc880]
[pc-nothreads sp=cc880]
[open-nocancel-entry sp=cc880]
[open-nocancel-postwd sp=cc880]
[openat-entry sp=cc880]
[pc-entry sp=cc880]
[pc-nothreads sp=cc880]
[pc-entry sp=cc880]
[pc-nothreads sp=cc880]
[pc-entry sp=cc880]
[pc-nothreads sp=cc880]
[pc-entry sp=cc880]
[pc-nothreads sp=cc880]
[pc-entry sp=cc880]
[pc-nothreads sp=cc880]
[open-nocancel-entry sp=cc880]
[open-nocancel-postwd sp=cc880]
[openat-entry sp=cc880]
[pc-entry sp=cc880]
[pc-nothreads sp=cc880]
[pc-entry sp=cc880]
[pc-nothreads sp=cc880]
[pc-entry sp=cc880]
[pc-nothreads sp=cc880]
[pc-entry sp=cc880]
[pc-nothreads sp=cc880]
[pc-entry sp=cc880]
[pc-nothreads sp=cc880]
[open-nocancel-entry sp=cc880]
[open-nocancel-postwd sp=cc880]
[openat-entry sp=cc880]
[pc-entry sp=cc880]
[pc-nothreads sp=cc880]
[pc-entry sp=cc880]
[pc-nothreads sp=cc880]
[pc-entry sp=cc880]
[pc-nothreads sp=cc880]
[pc-entry sp=cc880]
[pc-nothreads sp=cc880]
[pc-entry sp=cc880]
[pc-nothreads sp=cc880]
[open-nocancel-entry sp=cc880]
[open-nocancel-postwd sp=cc880]
[openat-entry sp=cc880]
[pc-entry sp=cc880]
[pc-nothreads sp=cc880]
[pc-entry sp=cc880]
[pc-nothreads sp=cc880]
[pc-entry sp=cc880]
[pc-nothreads sp=cc880]
[pc-entry sp=cc880]
[pc-nothreads sp=cc880]
[pc-entry sp=cc880]
[pc-nothreads sp=cc880]
[pc-entry sp=cc880]
[pc-nothreads sp=cc880]
[open-nocancel-entry sp=cc880]
[open-nocancel-postwd sp=cc880]
[openat-entry sp=cc880]
[pc-entry sp=cc880]
[pc-nothreads sp=cc880]
[pc-entry sp=cc880]
[pc-nothreads sp=cc880]
[pc-entry sp=cc880]
[pc-nothreads sp=cc880]
[pc-entry sp=cc880]
[pc-nothreads sp=cc880]
[pc-entry sp=cc880]
[pc-nothreads sp=cc880]
[open-nocancel-entry sp=cc880]
[open-nocancel-postwd sp=cc880]
[openat-entry sp=cc880]
[pc-entry sp=cc880]
[pc-nothreads sp=cc880]
[pc-entry sp=cc880]
[pc-nothreads sp=cc880]
[pc-entry sp=cc880]
[pc-nothreads sp=cc880]
[pc-entry sp=cc880]
[pc-nothreads sp=cc880]
[pc-entry sp=cc880]
[pc-nothreads sp=cc880]
[pc-entry sp=cc880]
[pc-nothreads sp=cc880]
[open-nocancel-entry sp=cc880]
[open-nocancel-postwd sp=cc880]
[openat-entry sp=cc880]
[pc-entry sp=cc880]
[pc-nothreads sp=cc880]
[pc-entry sp=cc880]
[pc-nothreads sp=cc880]
[pc-entry sp=cc880]
[pc-nothreads sp=cc880]
[pc-entry sp=cc880]
[pc-nothreads sp=cc880]
[pc-entry sp=cc880]
[pc-nothreads sp=cc880]
[pc-entry sp=cc880]
[pc-nothreads sp=cc880]
[open-nocancel-entry sp=cc880]
[open-nocancel-postwd sp=cc880]
[openat-entry sp=cc880]
[pc-entry sp=cc880]
[pc-nothreads sp=cc880]
[pc-entry sp=cc880]
[pc-nothreads sp=cc880]
[pc-entry sp=cc880]
[pc-nothreads sp=cc880]
[pc-entry sp=cc880]
[pc-nothreads sp=cc880]
[pc-entry sp=cc880]
[pc-nothreads sp=cc880]
[open-nocancel-entry sp=cc880]
[open-nocancel-postwd sp=cc880]
[openat-entry sp=cc880]
[pc-entry sp=cc880]
[pc-nothreads sp=cc880]
[pc-entry sp=cc880]
[pc-nothreads sp=cc880]
[pc-entry sp=cc880]
[pc-nothreads sp=cc880]
[pc-entry sp=cc880]
[pc-nothreads sp=cc880]
[pc-entry sp=cc880]
[pc-nothreads sp=cc880]
[open-nocancel-entry sp=cc880]
[open-nocancel-postwd sp=cc880]
[openat-entry sp=cc880]
[pc-entry sp=cc880]
[pc-nothreads sp=cc880]
[pc-entry sp=cc880]
[pc-nothreads sp=cc880]
[pc-entry sp=cc880]
[pc-nothreads sp=cc880]
[pc-entry sp=cc880]
[pc-nothreads sp=cc880]
[pc-entry sp=cc880]
[pc-nothreads sp=cc880]
[pc-entry sp=cc880]
[pc-nothreads sp=cc880]
[sigsegv-mask how=1 ra=0x7C74F3422D85]
[dring-adopt] pid=3266758 tid=3266758 registry=0x5D1123FBA4A0 slots=1024 found=1 gate=1 doorbell=1048574 regelfc=0x5D1123FBA4A0 slotelfc=1024
[dring-adopt] liveness pid=3266758 tid=3266758 map=0x7C74F40C5000 server_state=0 gen=1 creator_image=0x102 mode=2
[dring-adopt] pre-claim pid=3266758 pages=0x0 (a claim may mmap: an EMULATED syscall)
[dring-adopt] post-claim pid=3266758 ok
[sigexc-setup pid=3266758 tid=3266758 seq=1 libpage=0x7C74F34A0000]
[reg pid=3266758 tsd_offset=224 pthsize=8192 dispatch=160 rtk=40 mts=24]
[open-nocancel-entry sp=cc880]
[open-nocancel-postwd sp=cc880]
[openat-entry sp=cc880]
[sigsegv-mask how=1 ra=0x7C74F3422D85]
[open-nocancel-entry sp=cc880]
[open-nocancel-postwd sp=cc880]
[openat-entry sp=cc880]
[launchd-MAIN sp=cc880]
[launchd-PREFLIGHT_OK sp=cc880]
[launchd-ROOTLESS_PREPARE_OK sp=cc880]
[sigsegv-mask how=1 ra=0x7C74F3422D85]
[pc-entry sp=cc880]
[pc-nothreads sp=cc880]
[sigsegv-mask how=1 ra=0x7C74F3422D85]
[sigsegv-mask how=1 ra=0x7C74F3422D85]
[pc-entry sp=cc880]
[pc-nothreads sp=cc880]
[sigsegv-mask how=1 ra=0x7C74F3422D85]
[sigsegv-mask how=1 ra=0x7C74F3422D85]
[pc-entry sp=cc880]
[pc-nothreads sp=cc880]
[sigsegv-mask how=1 ra=0x7C74F3422D85]
[launchd-STDIO_FDS_OK sp=cc880]
[launchd-MALLOC_BRANCH_DONE sp=cc880]
[launchd-GETOPT_DONE sp=cc880]
[launchd-PID_GUARD_DONE sp=cc880]
[pc-entry sp=cc880]
[pc-nothreads sp=cc880]
[machport-open] before-rpc
[srv-kthread-create #2 id=-1 nsid=4194307 pid=-1]
[kqchan-plane] status=0 token=0 fd=-1 out=0
[release-drops-pending] site=dserver-ring.c:2752
[srv-kthread-create #3 id=-1 nsid=4194308 pid=-1]
[pc-entry sp=cc880]
[pc-nothreads sp=cc880]
[machport-open] after-rpc
Rootless shellspawn did not become ready within 30000ms (/proc/self/fd/7/shellspawn.sock)
waited 60s of at most 60s
[dwdiag-env prefix=/home/ilyagulya/work/wr-fresh/prefix-ring-a4dc mldr=c952d6498d91 libsystem_kernel.dylib=56a4d329edf8 dyld=32f3f3ea275c]
